<html>
<body>
<pre>
<h1>µVision Build Log</h1>
<h2>Tool Versions:</h2>
IDE-Version: µVision V5.24.2.0
Copyright (C) 2017 ARM Ltd and ARM Germany GmbH. All rights reserved.
License Information: Sergey Potapov, Home, LIC=----
 
Tool Versions:
Toolchain:       MDK-Lite  Version: 5.24.1
Toolchain Path:  C:\Keil_v5\ARM\ARMCC\Bin
C Compiler:      Armcc.exe V5.06 update 5 (build 528)
Assembler:       Armasm.exe V5.06 update 5 (build 528)
Linker/Locator:  ArmLink.exe V5.06 update 5 (build 528)
Library Manager: ArmAr.exe V5.06 update 5 (build 528)
Hex Converter:   FromElf.exe V5.06 update 5 (build 528)
CPU DLL:         SARMCM3.DLL V5.24.1
Dialog DLL:      DCM.DLL V1.16.0.0
Target DLL:      STLink\ST-LINKIII-KEIL_SWO.dll V3.0.1.0
Dialog DLL:      TCM.DLL V1.32.0.0
 
<h2>Project:</h2>
E:\Projects\2017\Triac-Regulator\Triac_Regulator_keil5\MDK-ARM\Triac_Regulator_keil5.uvprojx
Project File Date:  12/03/2017

<h2>Output:</h2>
*** Using Compiler 'V5.06 update 5 (build 528)', folder: 'C:\Keil_v5\ARM\ARMCC\Bin'
Rebuild target 'Triac_Regulator_keil5'
compiling system_stm32f1xx.c...
compiling stm32f1xx_it.c...
../Src/stm32f1xx_it.c(182): warning:  #223-D: function "SoftTimersCallback" declared implicitly
  		SoftTimersCallback();
../Src/stm32f1xx_it.c: 1 warning, 0 errors
compiling stm32f1xx_hal_msp.c...
compiling DynamicIndication.c...
compiling main.c...
../Src/main.c(124): warning:  #223-D: function "DS18B20_App" declared implicitly
  		DS18B20_App();
../Src/main.c: 1 warning, 0 errors
compiling DS18B20.c...
..\Src\DS18B20.c(139): warning:  #940-D: missing return statement at end of non-void function "DS18B20_App" 
  }
..\Src\DS18B20.c: 1 warning, 0 errors
compiling LED.c...
..\Src\LED.c(38): warning:  #1-D: last line of file ends without a newline
  	
..\Src\LED.c: 1 warning, 0 errors
compiling time.c...
..\Src\time.c(318): warning:  #186-D: pointless comparison of unsigned integer with zero
  		 
imer8AllocErr() || Timer16AllocErr() || Timer32AllocErr() );
..\Src\time.c(318): warning:  #186-D: pointless comparison of unsigned integer with zero
  		 
imer8AllocErr() || 
imer16AllocErr() || Timer32AllocErr() );
..\Src\time.c(318): warning:  #186-D: pointless comparison of unsigned integer with zero
  		 
imer8AllocErr() || 
imer16AllocErr() || 
imer32AllocErr() );
..\Src\time.c: 3 warnings, 0 errors
compiling stm32f1xx_hal_rcc.c...
compiling stm32f1xx_hal_flash.c...
compiling stm32f1xx_hal_flash_ex.c...
compiling stm32f1xx_hal_dma.c...
compiling stm32f1xx_hal.c...
compiling stm32f1xx_hal_gpio.c...
compiling stm32f1xx_hal_tim_ex.c...
compiling stm32f1xx_hal_cortex.c...
compiling stm32f1xx_hal_pwr.c...
compiling stm32f1xx_hal_tim.c...
assembling startup_stm32f103xb.s...
compiling stm32f1xx_hal_gpio_ex.c...
compiling stm32f1xx_hal_rcc_ex.c...
linking...
Program Size: Code=5060 RO-data=284 RW-data=108 ZI-data=1196  
"Triac_Regulator_keil5\Triac_Regulator_keil5.axf" - 0 Error(s), 7 Warning(s).

<h2>Software Packages used:</h2>

Package Vendor: ARM
                http://www.keil.com/pack/ARM.CMSIS.5.0.1.pack
                ARM.CMSIS.5.0.1
                CMSIS (Cortex Microcontroller Software Interface Standard)
   * Component: CORE Version: 5.0.1

Package Vendor: Keil
                http://www.keil.com/pack/Keil.STM32F1xx_DFP.2.2.0.pack
                Keil.STM32F1xx_DFP.2.2.0
                STMicroelectronics STM32F1 Series Device Support, Drivers and Examples

<h2>Collection of Component include folders:</h2>
  .\RTE\_Triac_Regulator_keil5
  C:\Keil_v5\ARM\PACK\ARM\CMSIS\5.0.1\CMSIS\Include
  C:\Keil_v5\ARM\PACK\Keil\STM32F1xx_DFP\2.2.0\Device\Include

<h2>Collection of Component Files used:</h2>

   * Component: ARM::CMSIS:CORE:5.0.1
Build Time Elapsed:  00:00:12
</pre>
</body>
</html>
