Component: ARM Compiler 5.06 update 5 (build 528) Tool: armlink [4d35e2]

==============================================================================

Section Cross References

    system_stm32f1xx.o(i.SystemCoreClockUpdate) refers to system_stm32f1xx.o(.data) for .data
    system_stm32f1xx.o(i.SystemCoreClockUpdate) refers to system_stm32f1xx.o(.constdata) for .constdata
    stm32f1xx_it.o(i.SysTick_Handler) refers to stm32f1xx_hal.o(i.HAL_IncTick) for HAL_IncTick
    stm32f1xx_it.o(i.SysTick_Handler) refers to stm32f1xx_hal_cortex.o(i.HAL_SYSTICK_IRQHandler) for HAL_SYSTICK_IRQHandler
    stm32f1xx_it.o(i.SysTick_Handler) refers to dynamicindication.o(i.dynamicIndicationTickHandler) for dynamicIndicationTickHandler
    stm32f1xx_it.o(i.SysTick_Handler) refers to time.o(i.SoftTimersCallback) for SoftTimersCallback
    stm32f1xx_it.o(i.SysTick_Handler) refers to main.o(.data) for waitflg
    stm32f1xx_it.o(i.SysTick_Handler) refers to stm32f1xx_it.o(.data) for .data
    stm32f1xx_hal_msp.o(i.HAL_MspInit) refers to stm32f1xx_hal_cortex.o(i.HAL_NVIC_SetPriorityGrouping) for HAL_NVIC_SetPriorityGrouping
    stm32f1xx_hal_msp.o(i.HAL_MspInit) refers to stm32f1xx_hal_cortex.o(i.HAL_NVIC_SetPriority) for HAL_NVIC_SetPriority
    main.o(i.MX_GPIO_Init) refers to stm32f1xx_hal_gpio.o(i.HAL_GPIO_WritePin) for HAL_GPIO_WritePin
    main.o(i.MX_GPIO_Init) refers to stm32f1xx_hal_gpio.o(i.HAL_GPIO_Init) for HAL_GPIO_Init
    main.o(i.MX_TIM3_Init) refers to stm32f1xx_hal_tim.o(i.HAL_TIM_Base_Init) for HAL_TIM_Base_Init
    main.o(i.MX_TIM3_Init) refers to stm32f1xx_hal_tim.o(i.HAL_TIM_ConfigClockSource) for HAL_TIM_ConfigClockSource
    main.o(i.MX_TIM3_Init) refers to stm32f1xx_hal_tim_ex.o(i.HAL_TIMEx_MasterConfigSynchronization) for HAL_TIMEx_MasterConfigSynchronization
    main.o(i.MX_TIM3_Init) refers to main.o(.bss) for .bss
    main.o(i.SystemClock_Config) refers to stm32f1xx_hal_rcc.o(i.HAL_RCC_OscConfig) for HAL_RCC_OscConfig
    main.o(i.SystemClock_Config) refers to stm32f1xx_hal_rcc.o(i.HAL_RCC_ClockConfig) for HAL_RCC_ClockConfig
    main.o(i.SystemClock_Config) refers to stm32f1xx_hal_rcc.o(i.HAL_RCC_GetHCLKFreq) for HAL_RCC_GetHCLKFreq
    main.o(i.SystemClock_Config) refers to stm32f1xx_hal_cortex.o(i.HAL_SYSTICK_Config) for HAL_SYSTICK_Config
    main.o(i.SystemClock_Config) refers to stm32f1xx_hal_cortex.o(i.HAL_SYSTICK_CLKSourceConfig) for HAL_SYSTICK_CLKSourceConfig
    main.o(i.SystemClock_Config) refers to stm32f1xx_hal_cortex.o(i.HAL_NVIC_SetPriority) for HAL_NVIC_SetPriority
    main.o(i.main) refers to stm32f1xx_hal.o(i.HAL_Init) for HAL_Init
    main.o(i.main) refers to main.o(i.SystemClock_Config) for SystemClock_Config
    main.o(i.main) refers to main.o(i.MX_GPIO_Init) for MX_GPIO_Init
    main.o(i.main) refers to main.o(i.MX_TIM3_Init) for MX_TIM3_Init
    main.o(i.main) refers to stm32f1xx_hal_tim.o(i.HAL_TIM_Base_Start) for HAL_TIM_Base_Start
    main.o(i.main) refers to stm32f1xx_hal_gpio.o(i.HAL_GPIO_WritePin) for HAL_GPIO_WritePin
    main.o(i.main) refers to time.o(i.TimeInit) for TimeInit
    main.o(i.main) refers to time.o(i.TimersInc) for TimersInc
    main.o(i.main) refers to time.o(i.Timer8Alloc) for Timer8Alloc
    main.o(i.main) refers to time.o(i.StartTimer8) for StartTimer8
    main.o(i.main) refers to time.o(i.Timer8Stopp) for Timer8Stopp
    main.o(i.main) refers to ds18b20.o(i.DS18B20_App) for DS18B20_App
    main.o(i.main) refers to ds18b20.o(i.readTemperature) for readTemperature
    main.o(i.main) refers to ffixi.o(.text) for __aeabi_f2iz
    main.o(i.main) refers to pid.o(i.PID) for PID
    main.o(i.main) refers to fflti.o(.text) for __aeabi_i2f
    main.o(i.main) refers to ffixui.o(.text) for __aeabi_f2uiz
    main.o(i.main) refers to dynamicindication.o(i.showValue) for showValue
    main.o(i.main) refers to discretecontrol.o(i.POWER_App) for POWER_App
    main.o(i.main) refers to main.o(.bss) for .bss
    main.o(i.main) refers to main.o(.data) for .data
    dynamicindication.o(i.dynamicIndicationTickHandler) refers to dynamicindication.o(i.setDigit) for setDigit
    dynamicindication.o(i.dynamicIndicationTickHandler) refers to dynamicindication.o(.data) for .data
    dynamicindication.o(i.setDigit) refers to stm32f1xx_hal_gpio.o(i.HAL_GPIO_WritePin) for HAL_GPIO_WritePin
    dynamicindication.o(i.setDigit) refers to dynamicindication.o(.data) for .data
    dynamicindication.o(i.showValue) refers to dynamicindication.o(.data) for .data
    ds18b20.o(i.DS18B20_App) refers to time.o(i.Timer8Stopp) for Timer8Stopp
    ds18b20.o(i.DS18B20_App) refers to ds18b20.o(i.ds_reset_pulse) for ds_reset_pulse
    ds18b20.o(i.DS18B20_App) refers to ds18b20.o(i.ds_write_byte) for ds_write_byte
    ds18b20.o(i.DS18B20_App) refers to ds18b20.o(i.ds_read_byte) for ds_read_byte
    ds18b20.o(i.DS18B20_App) refers to fflti.o(.text) for __aeabi_i2f
    ds18b20.o(i.DS18B20_App) refers to fscalb.o(.text) for __ARM_scalbnf
[...]
    stm32f1xx_hal_tim.o(i.HAL_TIM_IRQHandler) refers to stm32f1xx_hal_tim.o(i.HAL_TIM_TriggerCallback) for HAL_TIM_TriggerCallback
    stm32f1xx_hal_tim.o(i.HAL_TIM_IRQHandler) refers to stm32f1xx_hal_tim_ex.o(i.HAL_TIMEx_CommutationCallback) for HAL_TIMEx_CommutationCallback
    stm32f1xx_hal_tim.o(i.HAL_TIM_OC_ConfigChannel) refers to stm32f1xx_hal_tim.o(i.TIM_OC1_SetConfig) for TIM_OC1_SetConfig
    stm32f1xx_hal_tim.o(i.HAL_TIM_OC_ConfigChannel) refers to stm32f1xx_hal_tim.o(i.TIM_OC2_SetConfig) for TIM_OC2_SetConfig
    stm32f1xx_hal_tim.o(i.HAL_TIM_OC_ConfigChannel) refers to stm32f1xx_hal_tim.o(i.TIM_OC3_SetConfig) for TIM_OC3_SetConfig
    stm32f1xx_hal_tim.o(i.HAL_TIM_OC_ConfigChannel) refers to stm32f1xx_hal_tim.o(i.TIM_OC4_SetConfig) for TIM_OC4_SetConfig
    stm32f1xx_hal_tim.o(i.HAL_TIM_OC_DeInit) refers to stm32f1xx_hal_tim.o(i.HAL_TIM_OC_MspDeInit) for HAL_TIM_OC_MspDeInit
    stm32f1xx_hal_tim.o(i.HAL_TIM_OC_Init) refers to stm32f1xx_hal_tim.o(i.HAL_TIM_OC_MspInit) for HAL_TIM_OC_MspInit
    stm32f1xx_hal_tim.o(i.HAL_TIM_OC_Init) refers to stm32f1xx_hal_tim.o(i.TIM_Base_SetConfig) for TIM_Base_SetConfig
    stm32f1xx_hal_tim.o(i.HAL_TIM_OC_Start) refers to stm32f1xx_hal_tim.o(i.TIM_CCxChannelCmd) for TIM_CCxChannelCmd
    stm32f1xx_hal_tim.o(i.HAL_TIM_OC_Start_DMA) refers to stm32f1xx_hal_dma.o(i.HAL_DMA_Start_IT) for HAL_DMA_Start_IT
    stm32f1xx_hal_tim.o(i.HAL_TIM_OC_Start_DMA) refers to stm32f1xx_hal_tim.o(i.TIM_CCxChannelCmd) for TIM_CCxChannelCmd
    stm32f1xx_hal_tim.o(i.HAL_TIM_OC_Start_DMA) refers to stm32f1xx_hal_tim.o(i.TIM_DMADelayPulseCplt) for TIM_DMADelayPulseCplt
    stm32f1xx_hal_tim.o(i.HAL_TIM_OC_Start_DMA) refers to stm32f1xx_hal_tim.o(i.TIM_DMAError) for TIM_DMAError
    stm32f1xx_hal_tim.o(i.HAL_TIM_OC_Start_IT) refers to stm32f1xx_hal_tim.o(i.TIM_CCxChannelCmd) for TIM_CCxChannelCmd
    stm32f1xx_hal_tim.o(i.HAL_TIM_OC_Stop) refers to stm32f1xx_hal_tim.o(i.TIM_CCxChannelCmd) for TIM_CCxChannelCmd
    stm32f1xx_hal_tim.o(i.HAL_TIM_OC_Stop_DMA) refers to stm32f1xx_hal_tim.o(i.TIM_CCxChannelCmd) for TIM_CCxChannelCmd
    stm32f1xx_hal_tim.o(i.HAL_TIM_OC_Stop_IT) refers to stm32f1xx_hal_tim.o(i.TIM_CCxChannelCmd) for TIM_CCxChannelCmd
    stm32f1xx_hal_tim.o(i.HAL_TIM_OnePulse_ConfigChannel) refers to stm32f1xx_hal_tim.o(i.TIM_OC1_SetConfig) for TIM_OC1_SetConfig
    stm32f1xx_hal_tim.o(i.HAL_TIM_OnePulse_ConfigChannel) refers to stm32f1xx_hal_tim.o(i.TIM_OC2_SetConfig) for TIM_OC2_SetConfig
    stm32f1xx_hal_tim.o(i.HAL_TIM_OnePulse_ConfigChannel) refers to stm32f1xx_hal_tim.o(i.TIM_TI1_SetConfig) for TIM_TI1_SetConfig
    stm32f1xx_hal_tim.o(i.HAL_TIM_OnePulse_ConfigChannel) refers to stm32f1xx_hal_tim.o(i.TIM_TI2_SetConfig) for TIM_TI2_SetConfig
    stm32f1xx_hal_tim.o(i.HAL_TIM_OnePulse_DeInit) refers to stm32f1xx_hal_tim.o(i.HAL_TIM_OnePulse_MspDeInit) for HAL_TIM_OnePulse_MspDeInit
    stm32f1xx_hal_tim.o(i.HAL_TIM_OnePulse_Init) refers to stm32f1xx_hal_tim.o(i.HAL_TIM_OnePulse_MspInit) for HAL_TIM_OnePulse_MspInit
    stm32f1xx_hal_tim.o(i.HAL_TIM_OnePulse_Init) refers to stm32f1xx_hal_tim.o(i.TIM_Base_SetConfig) for TIM_Base_SetConfig
    stm32f1xx_hal_tim.o(i.HAL_TIM_OnePulse_Start) refers to stm32f1xx_hal_tim.o(i.TIM_CCxChannelCmd) for TIM_CCxChannelCmd
    stm32f1xx_hal_tim.o(i.HAL_TIM_OnePulse_Start_IT) refers to stm32f1xx_hal_tim.o(i.TIM_CCxChannelCmd) for TIM_CCxChannelCmd
    stm32f1xx_hal_tim.o(i.HAL_TIM_OnePulse_Stop) refers to stm32f1xx_hal_tim.o(i.TIM_CCxChannelCmd) for TIM_CCxChannelCmd
    stm32f1xx_hal_tim.o(i.HAL_TIM_OnePulse_Stop_IT) refers to stm32f1xx_hal_tim.o(i.TIM_CCxChannelCmd) for TIM_CCxChannelCmd
    stm32f1xx_hal_tim.o(i.HAL_TIM_PWM_ConfigChannel) refers to stm32f1xx_hal_tim.o(i.TIM_OC1_SetConfig) for TIM_OC1_SetConfig
    stm32f1xx_hal_tim.o(i.HAL_TIM_PWM_ConfigChannel) refers to stm32f1xx_hal_tim.o(i.TIM_OC2_SetConfig) for TIM_OC2_SetConfig
    stm32f1xx_hal_tim.o(i.HAL_TIM_PWM_ConfigChannel) refers to stm32f1xx_hal_tim.o(i.TIM_OC3_SetConfig) for TIM_OC3_SetConfig
    stm32f1xx_hal_tim.o(i.HAL_TIM_PWM_ConfigChannel) refers to stm32f1xx_hal_tim.o(i.TIM_OC4_SetConfig) for TIM_OC4_SetConfig
    stm32f1xx_hal_tim.o(i.HAL_TIM_PWM_DeInit) refers to stm32f1xx_hal_tim.o(i.HAL_TIM_PWM_MspDeInit) for HAL_TIM_PWM_MspDeInit
    stm32f1xx_hal_tim.o(i.HAL_TIM_PWM_Init) refers to stm32f1xx_hal_tim.o(i.HAL_TIM_PWM_MspInit) for HAL_TIM_PWM_MspInit
    stm32f1xx_hal_tim.o(i.HAL_TIM_PWM_Init) refers to stm32f1xx_hal_tim.o(i.TIM_Base_SetConfig) for TIM_Base_SetConfig
    stm32f1xx_hal_tim.o(i.HAL_TIM_PWM_Start) refers to stm32f1xx_hal_tim.o(i.TIM_CCxChannelCmd) for TIM_CCxChannelCmd
    stm32f1xx_hal_tim.o(i.HAL_TIM_PWM_Start_DMA) refers to stm32f1xx_hal_dma.o(i.HAL_DMA_Start_IT) for HAL_DMA_Start_IT
    stm32f1xx_hal_tim.o(i.HAL_TIM_PWM_Start_DMA) refers to stm32f1xx_hal_tim.o(i.TIM_CCxChannelCmd) for TIM_CCxChannelCmd
    stm32f1xx_hal_tim.o(i.HAL_TIM_PWM_Start_DMA) refers to stm32f1xx_hal_tim.o(i.TIM_DMADelayPulseCplt) for TIM_DMADelayPulseCplt
    stm32f1xx_hal_tim.o(i.HAL_TIM_PWM_Start_DMA) refers to stm32f1xx_hal_tim.o(i.TIM_DMAError) for TIM_DMAError
    stm32f1xx_hal_tim.o(i.HAL_TIM_PWM_Start_IT) refers to stm32f1xx_hal_tim.o(i.TIM_CCxChannelCmd) for TIM_CCxChannelCmd
    stm32f1xx_hal_tim.o(i.HAL_TIM_PWM_Stop) refers to stm32f1xx_hal_tim.o(i.TIM_CCxChannelCmd) for TIM_CCxChannelCmd
    stm32f1xx_hal_tim.o(i.HAL_TIM_PWM_Stop_DMA) refers to stm32f1xx_hal_tim.o(i.TIM_CCxChannelCmd) for TIM_CCxChannelCmd
    stm32f1xx_hal_tim.o(i.HAL_TIM_PWM_Stop_IT) refers to stm32f1xx_hal_tim.o(i.TIM_CCxChannelCmd) for TIM_CCxChannelCmd
    stm32f1xx_hal_tim.o(i.HAL_TIM_SlaveConfigSynchronization) refers to stm32f1xx_hal_tim.o(i.TIM_SlaveTimer_SetConfig) for TIM_SlaveTimer_SetConfig
    stm32f1xx_hal_tim.o(i.HAL_TIM_SlaveConfigSynchronization_IT) refers to stm32f1xx_hal_tim.o(i.TIM_SlaveTimer_SetConfig) for TIM_SlaveTimer_SetConfig
    stm32f1xx_hal_tim.o(i.TIM_DMACaptureCplt) refers to stm32f1xx_hal_tim.o(i.HAL_TIM_IC_CaptureCallback) for HAL_TIM_IC_CaptureCallback
    stm32f1xx_hal_tim.o(i.TIM_DMADelayPulseCplt) refers to stm32f1xx_hal_tim.o(i.HAL_TIM_PWM_PulseFinishedCallback) for HAL_TIM_PWM_PulseFinishedCallback
    stm32f1xx_hal_tim.o(i.TIM_DMAError) refers to stm32f1xx_hal_tim.o(i.HAL_TIM_ErrorCallback) for HAL_TIM_ErrorCallback
    stm32f1xx_hal_tim.o(i.TIM_DMAPeriodElapsedCplt) refers to stm32f1xx_hal_tim.o(i.HAL_TIM_PeriodElapsedCallback) for HAL_TIM_PeriodElapsedCallback
    stm32f1xx_hal_tim.o(i.TIM_DMATriggerCplt) refers to stm32f1xx_hal_tim.o(i.HAL_TIM_TriggerCallback) for HAL_TIM_TriggerCallback
    stm32f1xx_hal_tim.o(i.TIM_SlaveTimer_SetConfig) refers to stm32f1xx_hal_tim.o(i.TIM_ETR_SetConfig) for TIM_ETR_SetConfig
    stm32f1xx_hal_tim.o(i.TIM_SlaveTimer_SetConfig) refers to stm32f1xx_hal_tim.o(i.TIM_TI1_ConfigInputStage) for TIM_TI1_ConfigInputStage
    stm32f1xx_hal_tim.o(i.TIM_SlaveTimer_SetConfig) refers to stm32f1xx_hal_tim.o(i.TIM_TI2_ConfigInputStage) for TIM_TI2_ConfigInputStage
    stm32f1xx_hal_cortex.o(i.HAL_NVIC_SetPriority) refers to stm32f1xx_hal_cortex.o(i.NVIC_SetPriority) for NVIC_SetPriority
    stm32f1xx_hal_cortex.o(i.HAL_SYSTICK_Config) refers to stm32f1xx_hal_cortex.o(i.NVIC_SetPriority) for NVIC_SetPriority
    stm32f1xx_hal_cortex.o(i.HAL_SYSTICK_IRQHandler) refers to stm32f1xx_hal_cortex.o(i.HAL_SYSTICK_Callback) for HAL_SYSTICK_Callback
    stm32f1xx_hal_rcc_ex.o(i.HAL_RCCEx_GetPeriphCLKFreq) refers to stm32f1xx_hal_rcc.o(i.HAL_RCC_GetPCLK2Freq) for HAL_RCC_GetPCLK2Freq
    stm32f1xx_hal_rcc_ex.o(i.HAL_RCCEx_PeriphCLKConfig) refers to stm32f1xx_hal.o(i.HAL_GetTick) for HAL_GetTick
    startup_stm32f103xb.o(RESET) refers to startup_stm32f103xb.o(STACK) for __initial_sp
    startup_stm32f103xb.o(RESET) refers to startup_stm32f103xb.o(.text) for Reset_Handler
    startup_stm32f103xb.o(RESET) refers to stm32f1xx_it.o(i.NMI_Handler) for NMI_Handler
    startup_stm32f103xb.o(RESET) refers to stm32f1xx_it.o(i.HardFault_Handler) for HardFault_Handler
    startup_stm32f103xb.o(RESET) refers to stm32f1xx_it.o(i.MemManage_Handler) for MemManage_Handler
    startup_stm32f103xb.o(RESET) refers to stm32f1xx_it.o(i.BusFault_Handler) for BusFault_Handler
    startup_stm32f103xb.o(RESET) refers to stm32f1xx_it.o(i.UsageFault_Handler) for UsageFault_Handler
    startup_stm32f103xb.o(RESET) refers to stm32f1xx_it.o(i.SVC_Handler) for SVC_Handler
    startup_stm32f103xb.o(RESET) refers to stm32f1xx_it.o(i.DebugMon_Handler) for DebugMon_Handler
    startup_stm32f103xb.o(RESET) refers to stm32f1xx_it.o(i.PendSV_Handler) for PendSV_Handler
    startup_stm32f103xb.o(RESET) refers to stm32f1xx_it.o(i.SysTick_Handler) for SysTick_Handler
    startup_stm32f103xb.o(.text) refers to system_stm32f1xx.o(i.SystemInit) for SystemInit
    startup_stm32f103xb.o(.text) refers to entry.o(.ARM.Collect$$$$00000000) for __main
    entry.o(.ARM.Collect$$$$00000000) refers (Special) to entry10a.o(.ARM.Collect$$$$0000000D) for __rt_final_cpp
    entry.o(.ARM.Collect$$$$00000000) refers (Special) to entry11a.o(.ARM.Collect$$$$0000000F) for __rt_final_exit
    entry.o(.ARM.Collect$$$$00000000) refers (Special) to entry7b.o(.ARM.Collect$$$$00000008) for _main_clock
    entry.o(.ARM.Collect$$$$00000000) refers (Special) to entry8b.o(.ARM.Collect$$$$0000000A) for _main_cpp_init
    entry.o(.ARM.Collect$$$$00000000) refers (Special) to entry9a.o(.ARM.Collect$$$$0000000B) for _main_init
    entry.o(.ARM.Collect$$$$00000000) refers (Special) to entry5.o(.ARM.Collect$$$$00000004) for _main_scatterload
    entry.o(.ARM.Collect$$$$00000000) refers (Special) to entry2.o(.ARM.Collect$$$$00000001) for _main_stk
    fmul.o(.text) refers (Special) to iusefp.o(.text) for __I$use$fp
    fscalb.o(.text) refers (Special) to iusefp.o(.text) for __I$use$fp
    dmul.o(.text) refers (Special) to iusefp.o(.text) for __I$use$fp
    dmul.o(.text) refers to depilogue.o(.text) for _double_epilogue
    ddiv.o(.text) refers (Special) to iusefp.o(.text) for __I$use$fp
    ddiv.o(.text) refers to depilogue.o(.text) for _double_round
    fflti.o(.text) refers (Special) to iusefp.o(.text) for __I$use$fp
    fflti.o(.text) refers to fepilogue.o(.text) for _float_epilogue
    dflti.o(.text) refers (Special) to iusefp.o(.text) for __I$use$fp
    dflti.o(.text) refers to depilogue.o(.text) for _double_epilogue
    dfltui.o(.text) refers (Special) to iusefp.o(.text) for __I$use$fp
    dfltui.o(.text) refers to depilogue.o(.text) for _double_epilogue
    ffixi.o(.text) refers (Special) to iusefp.o(.text) for __I$use$fp
    ffixui.o(.text) refers (Special) to iusefp.o(.text) for __I$use$fp
    d2f.o(.text) refers (Special) to iusefp.o(.text) for __I$use$fp
    d2f.o(.text) refers to fepilogue.o(.text) for _float_round
    entry2.o(.ARM.Collect$$$$00000001) refers to entry2.o(.ARM.Collect$$$$00002712) for __lit__00000000
    entry2.o(.ARM.Collect$$$$00002712) refers to startup_stm32f103xb.o(STACK) for __initial_sp
    entry2.o(__vectab_stack_and_reset_area) refers to startup_stm32f103xb.o(STACK) for __initial_sp
    entry2.o(__vectab_stack_and_reset_area) refers to entry.o(.ARM.Collect$$$$00000000) for __main
    entry5.o(.ARM.Collect$$$$00000004) refers to init.o(.text) for __scatterload
    entry9a.o(.ARM.Collect$$$$0000000B) refers to main.o(i.main) for main
    entry9b.o(.ARM.Collect$$$$0000000C) refers to main.o(i.main) for main
    depilogue.o(.text) refers to llshl.o(.text) for __aeabi_llsl
    depilogue.o(.text) refers to llushr.o(.text) for __aeabi_llsr
    init.o(.text) refers to entry5.o(.ARM.Collect$$$$00000004) for __main_after_scatterload


==============================================================================

Removing Unused input sections from the image.

    Removing system_stm32f1xx.o(.rev16_text), (4 bytes).
    Removing system_stm32f1xx.o(.revsh_text), (4 bytes).
    Removing system_stm32f1xx.o(.rrx_text), (6 bytes).
    Removing system_stm32f1xx.o(i.SystemCoreClockUpdate), (104 bytes).
    Removing system_stm32f1xx.o(.constdata), (8 bytes).
    Removing stm32f1xx_it.o(.rev16_text), (4 bytes).
    Removing stm32f1xx_it.o(.revsh_text), (4 bytes).
    Removing stm32f1xx_it.o(.rrx_text), (6 bytes).
    Removing stm32f1xx_hal_msp.o(.rev16_text), (4 bytes).
    Removing stm32f1xx_hal_msp.o(.revsh_text), (4 bytes).
    Removing stm32f1xx_hal_msp.o(.rrx_text), (6 bytes).
    Removing stm32f1xx_hal_msp.o(i.HAL_TIM_Base_MspDeInit), (28 bytes).
    Removing main.o(.rev16_text), (4 bytes).
    Removing main.o(.revsh_text), (4 bytes).
    Removing main.o(.rrx_text), (6 bytes).
    Removing main.o(i._Error_Handler), (2 bytes).
    Removing dynamicindication.o(.rev16_text), (4 bytes).
    Removing dynamicindication.o(.revsh_text), (4 bytes).
    Removing dynamicindication.o(.rrx_text), (6 bytes).
    Removing dynamicindication.o(i.ToggleLed), (2 bytes).
    Removing ds18b20.o(.rev16_text), (4 bytes).
    Removing ds18b20.o(.revsh_text), (4 bytes).
    Removing ds18b20.o(.rrx_text), (6 bytes).
    Removing time.o(.rev16_text), (4 bytes).
    Removing time.o(.revsh_text), (4 bytes).
    Removing time.o(.rrx_text), (6 bytes).
    Removing time.o(i.GetTimer16), (12 bytes).
    Removing time.o(i.GetTimer32), (12 bytes).
    Removing time.o(i.GetTimer8), (12 bytes).
    Removing time.o(i.GetTimer8_ISR), (12 bytes).
    Removing time.o(i.ResetTimer32), (40 bytes).
    Removing time.o(i.ResetTimer8), (40 bytes).
    Removing time.o(i.ResetTimer8_ISR), (36 bytes).
    Removing time.o(i.ScanCycleInit), (28 bytes).
    Removing time.o(i.StartTimer32), (48 bytes).
    Removing time.o(i.StartTimer8_ISR), (44 bytes).
    Removing time.o(i.StopTimer16), (28 bytes).
    Removing time.o(i.StopTimer32), (28 bytes).
    Removing time.o(i.StopTimer8), (28 bytes).
    Removing time.o(i.StopTimer8_ISR), (28 bytes).
    Removing time.o(i.Timer16AppAlloc), (24 bytes).
    Removing time.o(i.Timer16SysAlloc), (16 bytes).
    Removing time.o(i.Timer32Alloc), (16 bytes).
    Removing time.o(i.Timer32AppAlloc), (24 bytes).
    Removing time.o(i.Timer32Stopp), (44 bytes).
    Removing time.o(i.Timer32SysAlloc), (16 bytes).
    Removing time.o(i.Timer8AppAlloc), (24 bytes).
    Removing time.o(i.Timer8Stopp_ISR), (40 bytes).
    Removing time.o(i.Timer8SysAlloc), (16 bytes).
    Removing time.o(i.Timer8_ISR_Alloc), (16 bytes).
    Removing time.o(i.Timer8_ISR_AppAlloc), (24 bytes).
    Removing time.o(i.Timer8_ISR_SysAlloc), (16 bytes).
    Removing time.o(i.TimerAllocError), (4 bytes).
    Removing time.o(.data), (1 bytes).
    Removing time.o(.data), (1 bytes).
    Removing led.o(.rev16_text), (4 bytes).
    Removing led.o(.revsh_text), (4 bytes).
    Removing led.o(.rrx_text), (6 bytes).
    Removing led.o(i.LED_App), (84 bytes).
    Removing led.o(i.LED_Off), (16 bytes).
    Removing led.o(i.LED_On), (16 bytes).
    Removing led.o(.data), (3 bytes).
    Removing pid.o(.rev16_text), (4 bytes).
    Removing pid.o(.revsh_text), (4 bytes).
    Removing pid.o(.rrx_text), (6 bytes).
    Removing discretecontrol.o(.rev16_text), (4 bytes).
    Removing discretecontrol.o(.revsh_text), (4 bytes).
    Removing discretecontrol.o(.rrx_text), (6 bytes).
    Removing stm32f1xx_hal_rcc.o(.rev16_text), (4 bytes).
    Removing stm32f1xx_hal_rcc.o(.revsh_text), (4 bytes).
    Removing stm32f1xx_hal_rcc.o(.rrx_text), (6 bytes).
    Removing stm32f1xx_hal_rcc.o(i.HAL_RCC_CSSCallback), (2 bytes).
    Removing stm32f1xx_hal_rcc.o(i.HAL_RCC_DeInit), (68 bytes).
    Removing stm32f1xx_hal_rcc.o(i.HAL_RCC_DisableCSS), (12 bytes).
    Removing stm32f1xx_hal_rcc.o(i.HAL_RCC_EnableCSS), (12 bytes).
    Removing stm32f1xx_hal_rcc.o(i.HAL_RCC_GetClockConfig), (64 bytes).
    Removing stm32f1xx_hal_rcc.o(i.HAL_RCC_GetOscConfig), (144 bytes).
    Removing stm32f1xx_hal_rcc.o(i.HAL_RCC_GetPCLK1Freq), (32 bytes).
    Removing stm32f1xx_hal_rcc.o(i.HAL_RCC_GetPCLK2Freq), (32 bytes).
    Removing stm32f1xx_hal_rcc.o(i.HAL_RCC_MCOConfig), (72 bytes).
    Removing stm32f1xx_hal_rcc.o(i.HAL_RCC_NMI_IRQHandler), (24 bytes).
    Removing stm32f1xx_hal_flash.o(.rev16_text), (4 bytes).
    Removing stm32f1xx_hal_flash.o(.revsh_text), (4 bytes).
    Removing stm32f1xx_hal_flash.o(.rrx_text), (6 bytes).
    Removing stm32f1xx_hal_flash.o(i.FLASH_Program_HalfWord), (28 bytes).
    Removing stm32f1xx_hal_flash.o(i.FLASH_SetErrorCode), (92 bytes).
    Removing stm32f1xx_hal_flash.o(i.FLASH_WaitForLastOperation), (84 bytes).
    Removing stm32f1xx_hal_flash.o(i.HAL_FLASH_EndOfOperationCallback), (2 bytes).
    Removing stm32f1xx_hal_flash.o(i.HAL_FLASH_GetError), (12 bytes).
    Removing stm32f1xx_hal_flash.o(i.HAL_FLASH_IRQHandler), (264 bytes).
    Removing stm32f1xx_hal_flash.o(i.HAL_FLASH_Lock), (20 bytes).
    Removing stm32f1xx_hal_flash.o(i.HAL_FLASH_OB_Launch), (4 bytes).
    Removing stm32f1xx_hal_flash.o(i.HAL_FLASH_OB_Lock), (20 bytes).
    Removing stm32f1xx_hal_flash.o(i.HAL_FLASH_OB_Unlock), (36 bytes).
    Removing stm32f1xx_hal_flash.o(i.HAL_FLASH_OperationErrorCallback), (2 bytes).
    Removing stm32f1xx_hal_flash.o(i.HAL_FLASH_Program), (128 bytes).
    Removing stm32f1xx_hal_flash.o(i.HAL_FLASH_Program_IT), (100 bytes).
    Removing stm32f1xx_hal_flash.o(i.HAL_FLASH_Unlock), (36 bytes).
    Removing stm32f1xx_hal_flash.o(.bss), (32 bytes).
    Removing stm32f1xx_hal_dma.o(.rev16_text), (4 bytes).
    Removing stm32f1xx_hal_dma.o(.revsh_text), (4 bytes).
    Removing stm32f1xx_hal_dma.o(.rrx_text), (6 bytes).
    Removing stm32f1xx_hal_dma.o(i.DMA_SetConfig), (42 bytes).
    Removing stm32f1xx_hal_dma.o(i.HAL_DMA_Abort), (48 bytes).
    Removing stm32f1xx_hal_dma.o(i.HAL_DMA_Abort_IT), (152 bytes).
    Removing stm32f1xx_hal_dma.o(i.HAL_DMA_DeInit), (84 bytes).
    Removing stm32f1xx_hal_dma.o(i.HAL_DMA_GetError), (4 bytes).
    Removing stm32f1xx_hal_dma.o(i.HAL_DMA_GetState), (6 bytes).
    Removing stm32f1xx_hal_dma.o(i.HAL_DMA_IRQHandler), (340 bytes).
    Removing stm32f1xx_hal_dma.o(i.HAL_DMA_Init), (100 bytes).
    Removing stm32f1xx_hal_dma.o(i.HAL_DMA_PollForTransfer), (532 bytes).
    Removing stm32f1xx_hal_dma.o(i.HAL_DMA_RegisterCallback), (74 bytes).
    Removing stm32f1xx_hal_dma.o(i.HAL_DMA_Start), (80 bytes).
    Removing stm32f1xx_hal_dma.o(i.HAL_DMA_Start_IT), (112 bytes).
    Removing stm32f1xx_hal_dma.o(i.HAL_DMA_UnRegisterCallback), (82 bytes).
    Removing stm32f1xx_hal_flash_ex.o(.rev16_text), (4 bytes).
    Removing stm32f1xx_hal_flash_ex.o(.revsh_text), (4 bytes).
    Removing stm32f1xx_hal_flash_ex.o(.rrx_text), (6 bytes).
    Removing stm32f1xx_hal_flash_ex.o(i.FLASH_MassErase), (36 bytes).
    Removing stm32f1xx_hal_flash_ex.o(i.FLASH_OB_DisableWRP), (176 bytes).
    Removing stm32f1xx_hal_flash_ex.o(i.FLASH_OB_EnableWRP), (176 bytes).
    Removing stm32f1xx_hal_flash_ex.o(i.FLASH_OB_GetRDP), (24 bytes).
    Removing stm32f1xx_hal_flash_ex.o(i.FLASH_OB_RDP_LevelConfig), (100 bytes).
    Removing stm32f1xx_hal_flash_ex.o(i.FLASH_PageErase), (36 bytes).
    Removing stm32f1xx_hal_flash_ex.o(i.HAL_FLASHEx_Erase), (168 bytes).
    Removing stm32f1xx_hal_flash_ex.o(i.HAL_FLASHEx_Erase_IT), (84 bytes).
    Removing stm32f1xx_hal_flash_ex.o(i.HAL_FLASHEx_OBErase), (84 bytes).
    Removing stm32f1xx_hal_flash_ex.o(i.HAL_FLASHEx_OBGetConfig), (36 bytes).
    Removing stm32f1xx_hal_flash_ex.o(i.HAL_FLASHEx_OBGetUserData), (32 bytes).
    Removing stm32f1xx_hal_flash_ex.o(i.HAL_FLASHEx_OBProgram), (200 bytes).
    Removing stm32f1xx_hal.o(.rev16_text), (4 bytes).
    Removing stm32f1xx_hal.o(.revsh_text), (4 bytes).
    Removing stm32f1xx_hal.o(.rrx_text), (6 bytes).
    Removing stm32f1xx_hal.o(i.HAL_DBGMCU_DisableDBGSleepMode), (16 bytes).
    Removing stm32f1xx_hal.o(i.HAL_DBGMCU_DisableDBGStandbyMode), (16 bytes).
    Removing stm32f1xx_hal.o(i.HAL_DBGMCU_DisableDBGStopMode), (16 bytes).
    Removing stm32f1xx_hal.o(i.HAL_DBGMCU_EnableDBGSleepMode), (16 bytes).
    Removing stm32f1xx_hal.o(i.HAL_DBGMCU_EnableDBGStandbyMode), (16 bytes).
    Removing stm32f1xx_hal.o(i.HAL_DBGMCU_EnableDBGStopMode), (16 bytes).
    Removing stm32f1xx_hal.o(i.HAL_DeInit), (32 bytes).
    Removing stm32f1xx_hal.o(i.HAL_Delay), (28 bytes).
    Removing stm32f1xx_hal.o(i.HAL_GetDEVID), (16 bytes).
    Removing stm32f1xx_hal.o(i.HAL_GetHalVersion), (8 bytes).
    Removing stm32f1xx_hal.o(i.HAL_GetREVID), (12 bytes).
    Removing stm32f1xx_hal.o(i.HAL_GetUID), (28 bytes).
    Removing stm32f1xx_hal.o(i.HAL_MspDeInit), (2 bytes).
    Removing stm32f1xx_hal.o(i.HAL_MspInit), (2 bytes).
    Removing stm32f1xx_hal.o(i.HAL_ResumeTick), (14 bytes).
    Removing stm32f1xx_hal.o(i.HAL_SuspendTick), (14 bytes).
    Removing stm32f1xx_hal_gpio.o(.rev16_text), (4 bytes).
    Removing stm32f1xx_hal_gpio.o(.revsh_text), (4 bytes).
    Removing stm32f1xx_hal_gpio.o(.rrx_text), (6 bytes).
    Removing stm32f1xx_hal_gpio.o(i.HAL_GPIO_DeInit), (228 bytes).
    Removing stm32f1xx_hal_gpio.o(i.HAL_GPIO_EXTI_Callback), (2 bytes).
    Removing stm32f1xx_hal_gpio.o(i.HAL_GPIO_EXTI_IRQHandler), (24 bytes).
    Removing stm32f1xx_hal_gpio.o(i.HAL_GPIO_LockPin), (34 bytes).
    Removing stm32f1xx_hal_gpio.o(i.HAL_GPIO_ReadPin), (10 bytes).
    Removing stm32f1xx_hal_gpio.o(i.HAL_GPIO_TogglePin), (8 bytes).
    Removing stm32f1xx_hal_tim_ex.o(.rev16_text), (4 bytes).
    Removing stm32f1xx_hal_tim_ex.o(.revsh_text), (4 bytes).
    Removing stm32f1xx_hal_tim_ex.o(.rrx_text), (6 bytes).
    Removing stm32f1xx_hal_tim_ex.o(i.HAL_TIMEx_BreakCallback), (2 bytes).
    Removing stm32f1xx_hal_tim_ex.o(i.HAL_TIMEx_CommutationCallback), (2 bytes).
    Removing stm32f1xx_hal_tim_ex.o(i.HAL_TIMEx_ConfigBreakDeadTime), (90 bytes).
    Removing stm32f1xx_hal_tim_ex.o(i.HAL_TIMEx_ConfigCommutationEvent), (92 bytes).
    Removing stm32f1xx_hal_tim_ex.o(i.HAL_TIMEx_ConfigCommutationEvent_DMA), (124 bytes).
    Removing stm32f1xx_hal_tim_ex.o(i.HAL_TIMEx_ConfigCommutationEvent_IT), (102 bytes).
    Removing stm32f1xx_hal_tim_ex.o(i.HAL_TIMEx_HallSensor_DeInit), (56 bytes).
    Removing stm32f1xx_hal_tim_ex.o(i.HAL_TIMEx_HallSensor_GetState), (6 bytes).
    Removing stm32f1xx_hal_tim_ex.o(i.HAL_TIMEx_HallSensor_Init), (188 bytes).
    Removing stm32f1xx_hal_tim_ex.o(i.HAL_TIMEx_HallSensor_MspDeInit), (2 bytes).
    Removing stm32f1xx_hal_tim_ex.o(i.HAL_TIMEx_HallSensor_MspInit), (2 bytes).
    Removing stm32f1xx_hal_tim_ex.o(i.HAL_TIMEx_HallSensor_Start), (28 bytes).
    Removing stm32f1xx_hal_tim_ex.o(i.HAL_TIMEx_HallSensor_Start_DMA), (104 bytes).
    Removing stm32f1xx_hal_tim_ex.o(i.HAL_TIMEx_HallSensor_Start_IT), (38 bytes).
    Removing stm32f1xx_hal_tim_ex.o(i.HAL_TIMEx_HallSensor_Stop), (46 bytes).
    Removing stm32f1xx_hal_tim_ex.o(i.HAL_TIMEx_HallSensor_Stop_DMA), (56 bytes).
    Removing stm32f1xx_hal_tim_ex.o(i.HAL_TIMEx_HallSensor_Stop_IT), (56 bytes).
    Removing stm32f1xx_hal_tim_ex.o(i.HAL_TIMEx_OCN_Start), (36 bytes).
    Removing stm32f1xx_hal_tim_ex.o(i.HAL_TIMEx_OCN_Start_DMA), (220 bytes).
    Removing stm32f1xx_hal_tim_ex.o(i.HAL_TIMEx_OCN_Start_IT), (96 bytes).
    Removing stm32f1xx_hal_tim_ex.o(i.HAL_TIMEx_OCN_Stop), (68 bytes).
    Removing stm32f1xx_hal_tim_ex.o(i.HAL_TIMEx_OCN_Stop_DMA), (124 bytes).
    Removing stm32f1xx_hal_tim_ex.o(i.HAL_TIMEx_OCN_Stop_IT), (134 bytes).
    Removing stm32f1xx_hal_tim_ex.o(i.HAL_TIMEx_OnePulseN_Start), (26 bytes).
    Removing stm32f1xx_hal_tim_ex.o(i.HAL_TIMEx_OnePulseN_Start_IT), (46 bytes).
    Removing stm32f1xx_hal_tim_ex.o(i.HAL_TIMEx_OnePulseN_Stop), (68 bytes).
    Removing stm32f1xx_hal_tim_ex.o(i.HAL_TIMEx_OnePulseN_Stop_IT), (88 bytes).
    Removing stm32f1xx_hal_tim_ex.o(i.HAL_TIMEx_PWMN_Start), (36 bytes).
    Removing stm32f1xx_hal_tim_ex.o(i.HAL_TIMEx_PWMN_Start_DMA), (220 bytes).
    Removing stm32f1xx_hal_tim_ex.o(i.HAL_TIMEx_PWMN_Start_IT), (96 bytes).
    Removing stm32f1xx_hal_tim_ex.o(i.HAL_TIMEx_PWMN_Stop), (68 bytes).
    Removing stm32f1xx_hal_tim_ex.o(i.HAL_TIMEx_PWMN_Stop_DMA), (124 bytes).
    Removing stm32f1xx_hal_tim_ex.o(i.HAL_TIMEx_PWMN_Stop_IT), (134 bytes).
    Removing stm32f1xx_hal_tim_ex.o(i.TIMEx_DMACommutationCplt), (16 bytes).
    Removing stm32f1xx_hal_tim_ex.o(i.TIM_CCxNChannelCmd), (22 bytes).
    Removing stm32f1xx_hal_pwr.o(.rev16_text), (4 bytes).
    Removing stm32f1xx_hal_pwr.o(.revsh_text), (4 bytes).
    Removing stm32f1xx_hal_pwr.o(.rrx_text), (6 bytes).
    Removing stm32f1xx_hal_pwr.o(i.HAL_PWR_ConfigPVD), (124 bytes).
    Removing stm32f1xx_hal_pwr.o(i.HAL_PWR_DeInit), (24 bytes).
    Removing stm32f1xx_hal_pwr.o(i.HAL_PWR_DisableBkUpAccess), (12 bytes).
    Removing stm32f1xx_hal_pwr.o(i.HAL_PWR_DisablePVD), (12 bytes).
    Removing stm32f1xx_hal_pwr.o(i.HAL_PWR_DisableSEVOnPend), (16 bytes).
    Removing stm32f1xx_hal_pwr.o(i.HAL_PWR_DisableSleepOnExit), (16 bytes).
    Removing stm32f1xx_hal_pwr.o(i.HAL_PWR_DisableWakeUpPin), (28 bytes).
    Removing stm32f1xx_hal_pwr.o(i.HAL_PWR_EnableBkUpAccess), (12 bytes).
    Removing stm32f1xx_hal_pwr.o(i.HAL_PWR_EnablePVD), (12 bytes).
    Removing stm32f1xx_hal_pwr.o(i.HAL_PWR_EnableSEVOnPend), (16 bytes).
    Removing stm32f1xx_hal_pwr.o(i.HAL_PWR_EnableSleepOnExit), (16 bytes).
    Removing stm32f1xx_hal_pwr.o(i.HAL_PWR_EnableWakeUpPin), (28 bytes).
    Removing stm32f1xx_hal_pwr.o(i.HAL_PWR_EnterSLEEPMode), (32 bytes).
    Removing stm32f1xx_hal_pwr.o(i.HAL_PWR_EnterSTANDBYMode), (32 bytes).
    Removing stm32f1xx_hal_pwr.o(i.HAL_PWR_EnterSTOPMode), (68 bytes).
    Removing stm32f1xx_hal_pwr.o(i.HAL_PWR_PVDCallback), (2 bytes).
    Removing stm32f1xx_hal_pwr.o(i.HAL_PWR_PVD_IRQHandler), (28 bytes).
    Removing stm32f1xx_hal_pwr.o(i.PWR_OverloadWfe), (6 bytes).
    Removing stm32f1xx_hal_tim.o(.rev16_text), (4 bytes).
    Removing stm32f1xx_hal_tim.o(.revsh_text), (4 bytes).
    Removing stm32f1xx_hal_tim.o(.rrx_text), (6 bytes).
    Removing stm32f1xx_hal_tim.o(i.HAL_TIM_Base_DeInit), (56 bytes).
    Removing stm32f1xx_hal_tim.o(i.HAL_TIM_Base_GetState), (6 bytes).
    Removing stm32f1xx_hal_tim.o(i.HAL_TIM_Base_MspDeInit), (2 bytes).
    Removing stm32f1xx_hal_tim.o(i.HAL_TIM_Base_MspInit), (2 bytes).
    Removing stm32f1xx_hal_tim.o(i.HAL_TIM_Base_Start_DMA), (92 bytes).
    Removing stm32f1xx_hal_tim.o(i.HAL_TIM_Base_Start_IT), (24 bytes).
    Removing stm32f1xx_hal_tim.o(i.HAL_TIM_Base_Stop), (44 bytes).
    Removing stm32f1xx_hal_tim.o(i.HAL_TIM_Base_Stop_DMA), (48 bytes).
    Removing stm32f1xx_hal_tim.o(i.HAL_TIM_Base_Stop_IT), (42 bytes).
    Removing stm32f1xx_hal_tim.o(i.HAL_TIM_ConfigOCrefClear), (184 bytes).
    Removing stm32f1xx_hal_tim.o(i.HAL_TIM_ConfigTI1Input), (16 bytes).
    Removing stm32f1xx_hal_tim.o(i.HAL_TIM_DMABurst_ReadStart), (260 bytes).
    Removing stm32f1xx_hal_tim.o(i.HAL_TIM_DMABurst_ReadStop), (96 bytes).
    Removing stm32f1xx_hal_tim.o(i.HAL_TIM_DMABurst_WriteStart), (260 bytes).
    Removing stm32f1xx_hal_tim.o(i.HAL_TIM_DMABurst_WriteStop), (96 bytes).
    Removing stm32f1xx_hal_tim.o(i.HAL_TIM_Encoder_DeInit), (56 bytes).
    Removing stm32f1xx_hal_tim.o(i.HAL_TIM_Encoder_GetState), (6 bytes).
    Removing stm32f1xx_hal_tim.o(i.HAL_TIM_Encoder_Init), (150 bytes).
    Removing stm32f1xx_hal_tim.o(i.HAL_TIM_Encoder_MspDeInit), (2 bytes).
    Removing stm32f1xx_hal_tim.o(i.HAL_TIM_Encoder_MspInit), (2 bytes).
    Removing stm32f1xx_hal_tim.o(i.HAL_TIM_Encoder_Start), (52 bytes).
    Removing stm32f1xx_hal_tim.o(i.HAL_TIM_Encoder_Start_DMA), (272 bytes).
    Removing stm32f1xx_hal_tim.o(i.HAL_TIM_Encoder_Start_IT), (92 bytes).
    Removing stm32f1xx_hal_tim.o(i.HAL_TIM_Encoder_Stop), (70 bytes).
    Removing stm32f1xx_hal_tim.o(i.HAL_TIM_Encoder_Stop_DMA), (116 bytes).
    Removing stm32f1xx_hal_tim.o(i.HAL_TIM_Encoder_Stop_IT), (116 bytes).
    Removing stm32f1xx_hal_tim.o(i.HAL_TIM_ErrorCallback), (2 bytes).
    Removing stm32f1xx_hal_tim.o(i.HAL_TIM_GenerateEvent), (38 bytes).
    Removing stm32f1xx_hal_tim.o(i.HAL_TIM_IC_CaptureCallback), (2 bytes).
    Removing stm32f1xx_hal_tim.o(i.HAL_TIM_IC_ConfigChannel), (282 bytes).
    Removing stm32f1xx_hal_tim.o(i.HAL_TIM_IC_DeInit), (56 bytes).
    Removing stm32f1xx_hal_tim.o(i.HAL_TIM_IC_GetState), (6 bytes).
    Removing stm32f1xx_hal_tim.o(i.HAL_TIM_IC_Init), (54 bytes).
    Removing stm32f1xx_hal_tim.o(i.HAL_TIM_IC_MspDeInit), (2 bytes).
    Removing stm32f1xx_hal_tim.o(i.HAL_TIM_IC_MspInit), (2 bytes).
    Removing stm32f1xx_hal_tim.o(i.HAL_TIM_IC_Start), (26 bytes).
    Removing stm32f1xx_hal_tim.o(i.HAL_TIM_IC_Start_DMA), (200 bytes).
    Removing stm32f1xx_hal_tim.o(i.HAL_TIM_IC_Start_IT), (76 bytes).
    Removing stm32f1xx_hal_tim.o(i.HAL_TIM_IC_Stop), (44 bytes).
    Removing stm32f1xx_hal_tim.o(i.HAL_TIM_IC_Stop_DMA), (100 bytes).
    Removing stm32f1xx_hal_tim.o(i.HAL_TIM_IC_Stop_IT), (94 bytes).
    Removing stm32f1xx_hal_tim.o(i.HAL_TIM_IRQHandler), (358 bytes).
    Removing stm32f1xx_hal_tim.o(i.HAL_TIM_OC_ConfigChannel), (86 bytes).
    Removing stm32f1xx_hal_tim.o(i.HAL_TIM_OC_DeInit), (56 bytes).
    Removing stm32f1xx_hal_tim.o(i.HAL_TIM_OC_DelayElapsedCallback), (2 bytes).
    Removing stm32f1xx_hal_tim.o(i.HAL_TIM_OC_GetState), (6 bytes).
    Removing stm32f1xx_hal_tim.o(i.HAL_TIM_OC_Init), (54 bytes).
    Removing stm32f1xx_hal_tim.o(i.HAL_TIM_OC_MspDeInit), (2 bytes).
    Removing stm32f1xx_hal_tim.o(i.HAL_TIM_OC_MspInit), (2 bytes).
    Removing stm32f1xx_hal_tim.o(i.HAL_TIM_OC_Start), (48 bytes).
    Removing stm32f1xx_hal_tim.o(i.HAL_TIM_OC_Start_DMA), (228 bytes).
    Removing stm32f1xx_hal_tim.o(i.HAL_TIM_OC_Start_IT), (96 bytes).
    Removing stm32f1xx_hal_tim.o(i.HAL_TIM_OC_Stop), (76 bytes).
    Removing stm32f1xx_hal_tim.o(i.HAL_TIM_OC_Stop_DMA), (132 bytes).
    Removing stm32f1xx_hal_tim.o(i.HAL_TIM_OC_Stop_IT), (128 bytes).
    Removing stm32f1xx_hal_tim.o(i.HAL_TIM_OnePulse_ConfigChannel), (218 bytes).
    Removing stm32f1xx_hal_tim.o(i.HAL_TIM_OnePulse_DeInit), (56 bytes).
    Removing stm32f1xx_hal_tim.o(i.HAL_TIM_OnePulse_GetState), (6 bytes).
    Removing stm32f1xx_hal_tim.o(i.HAL_TIM_OnePulse_Init), (74 bytes).
    Removing stm32f1xx_hal_tim.o(i.HAL_TIM_OnePulse_MspDeInit), (2 bytes).
    Removing stm32f1xx_hal_tim.o(i.HAL_TIM_OnePulse_MspInit), (2 bytes).
    Removing stm32f1xx_hal_tim.o(i.HAL_TIM_OnePulse_Start), (48 bytes).
    Removing stm32f1xx_hal_tim.o(i.HAL_TIM_OnePulse_Start_IT), (68 bytes).
    Removing stm32f1xx_hal_tim.o(i.HAL_TIM_OnePulse_Stop), (88 bytes).
    Removing stm32f1xx_hal_tim.o(i.HAL_TIM_OnePulse_Stop_IT), (108 bytes).
    Removing stm32f1xx_hal_tim.o(i.HAL_TIM_PWM_ConfigChannel), (208 bytes).
    Removing stm32f1xx_hal_tim.o(i.HAL_TIM_PWM_DeInit), (56 bytes).
    Removing stm32f1xx_hal_tim.o(i.HAL_TIM_PWM_GetState), (6 bytes).
    Removing stm32f1xx_hal_tim.o(i.HAL_TIM_PWM_Init), (54 bytes).
    Removing stm32f1xx_hal_tim.o(i.HAL_TIM_PWM_MspDeInit), (2 bytes).
    Removing stm32f1xx_hal_tim.o(i.HAL_TIM_PWM_MspInit), (2 bytes).
    Removing stm32f1xx_hal_tim.o(i.HAL_TIM_PWM_PulseFinishedCallback), (2 bytes).
    Removing stm32f1xx_hal_tim.o(i.HAL_TIM_PWM_Start), (48 bytes).
    Removing stm32f1xx_hal_tim.o(i.HAL_TIM_PWM_Start_DMA), (228 bytes).
    Removing stm32f1xx_hal_tim.o(i.HAL_TIM_PWM_Start_IT), (96 bytes).
    Removing stm32f1xx_hal_tim.o(i.HAL_TIM_PWM_Stop), (84 bytes).
    Removing stm32f1xx_hal_tim.o(i.HAL_TIM_PWM_Stop_DMA), (132 bytes).
    Removing stm32f1xx_hal_tim.o(i.HAL_TIM_PWM_Stop_IT), (128 bytes).
    Removing stm32f1xx_hal_tim.o(i.HAL_TIM_PeriodElapsedCallback), (2 bytes).
    Removing stm32f1xx_hal_tim.o(i.HAL_TIM_ReadCapturedValue), (68 bytes).
    Removing stm32f1xx_hal_tim.o(i.HAL_TIM_SlaveConfigSynchronization), (66 bytes).
    Removing stm32f1xx_hal_tim.o(i.HAL_TIM_SlaveConfigSynchronization_IT), (66 bytes).
    Removing stm32f1xx_hal_tim.o(i.HAL_TIM_TriggerCallback), (2 bytes).
    Removing stm32f1xx_hal_tim.o(i.TIM_CCxChannelCmd), (22 bytes).
    Removing stm32f1xx_hal_tim.o(i.TIM_DMACaptureCplt), (62 bytes).
    Removing stm32f1xx_hal_tim.o(i.TIM_DMADelayPulseCplt), (62 bytes).
    Removing stm32f1xx_hal_tim.o(i.TIM_DMAError), (16 bytes).
    Removing stm32f1xx_hal_tim.o(i.TIM_DMAPeriodElapsedCplt), (16 bytes).
    Removing stm32f1xx_hal_tim.o(i.TIM_DMATriggerCplt), (16 bytes).
    Removing stm32f1xx_hal_tim.o(i.TIM_OC1_SetConfig), (80 bytes).
    Removing stm32f1xx_hal_tim.o(i.TIM_OC2_SetConfig), (88 bytes).
    Removing stm32f1xx_hal_tim.o(i.TIM_OC3_SetConfig), (88 bytes).
    Removing stm32f1xx_hal_tim.o(i.TIM_OC4_SetConfig), (68 bytes).
    Removing stm32f1xx_hal_tim.o(i.TIM_SlaveTimer_SetConfig), (124 bytes).
    Removing stm32f1xx_hal_tim.o(i.TIM_TI1_SetConfig), (88 bytes).
    Removing stm32f1xx_hal_tim.o(i.TIM_TI2_SetConfig), (54 bytes).
    Removing stm32f1xx_hal_cortex.o(.rev16_text), (4 bytes).
    Removing stm32f1xx_hal_cortex.o(.revsh_text), (4 bytes).
    Removing stm32f1xx_hal_cortex.o(.rrx_text), (6 bytes).
    Removing stm32f1xx_hal_cortex.o(i.HAL_NVIC_ClearPendingIRQ), (22 bytes).
    Removing stm32f1xx_hal_cortex.o(i.HAL_NVIC_DisableIRQ), (22 bytes).
    Removing stm32f1xx_hal_cortex.o(i.HAL_NVIC_EnableIRQ), (22 bytes).
    Removing stm32f1xx_hal_cortex.o(i.HAL_NVIC_GetActive), (32 bytes).
    Removing stm32f1xx_hal_cortex.o(i.HAL_NVIC_GetPendingIRQ), (32 bytes).
    Removing stm32f1xx_hal_cortex.o(i.HAL_NVIC_GetPriority), (82 bytes).
    Removing stm32f1xx_hal_cortex.o(i.HAL_NVIC_GetPriorityGrouping), (16 bytes).
    Removing stm32f1xx_hal_cortex.o(i.HAL_NVIC_SetPendingIRQ), (22 bytes).
    Removing stm32f1xx_hal_cortex.o(i.HAL_NVIC_SystemReset), (36 bytes).
    Removing stm32f1xx_hal_gpio_ex.o(.rev16_text), (4 bytes).
    Removing stm32f1xx_hal_gpio_ex.o(.revsh_text), (4 bytes).
    Removing stm32f1xx_hal_gpio_ex.o(.rrx_text), (6 bytes).
    Removing stm32f1xx_hal_gpio_ex.o(i.HAL_GPIOEx_ConfigEventout), (20 bytes).
    Removing stm32f1xx_hal_gpio_ex.o(i.HAL_GPIOEx_DisableEventout), (16 bytes).
    Removing stm32f1xx_hal_gpio_ex.o(i.HAL_GPIOEx_EnableEventout), (16 bytes).
    Removing stm32f1xx_hal_rcc_ex.o(.rev16_text), (4 bytes).
    Removing stm32f1xx_hal_rcc_ex.o(.revsh_text), (4 bytes).
    Removing stm32f1xx_hal_rcc_ex.o(.rrx_text), (6 bytes).
    Removing stm32f1xx_hal_rcc_ex.o(i.HAL_RCCEx_GetPeriphCLKConfig), (44 bytes).
    Removing stm32f1xx_hal_rcc_ex.o(i.HAL_RCCEx_GetPeriphCLKFreq), (200 bytes).
    Removing stm32f1xx_hal_rcc_ex.o(i.HAL_RCCEx_PeriphCLKConfig), (236 bytes).
    Removing startup_stm32f103xb.o(HEAP), (512 bytes).

341 unused section(s) (total 17491 bytes) removed from the image.

==============================================================================

Image Symbol Table

    Local Symbols

    Symbol Name                              Value     Ov Type        Size  Object(Section)

    ../Drivers/STM32F1xx_HAL_Driver/Src/stm32f1xx_hal.c 0x00000000   Number         0  stm32f1xx_hal.o ABSOLUTE
    ../Drivers/STM32F1xx_HAL_Driver/Src/stm32f1xx_hal_cortex.c 0x00000000   Number         0  stm32f1xx_hal_cortex.o ABSOLUTE
    ../Drivers/STM32F1xx_HAL_Driver/Src/stm32f1xx_hal_dma.c 0x00000000   Number         0  stm32f1xx_hal_dma.o ABSOLUTE
    ../Drivers/STM32F1xx_HAL_Driver/Src/stm32f1xx_hal_flash.c 0x00000000   Number         0  stm32f1xx_hal_flash.o ABSOLUTE
    ../Drivers/STM32F1xx_HAL_Driver/Src/stm32f1xx_hal_flash_ex.c 0x00000000   Number         0  stm32f1xx_hal_flash_ex.o ABSOLUTE
    ../Drivers/STM32F1xx_HAL_Driver/Src/stm32f1xx_hal_gpio.c 0x00000000   Number         0  stm32f1xx_hal_gpio.o ABSOLUTE
    ../Drivers/STM32F1xx_HAL_Driver/Src/stm32f1xx_hal_gpio_ex.c 0x00000000   Number         0  stm32f1xx_hal_gpio_ex.o ABSOLUTE
    ../Drivers/STM32F1xx_HAL_Driver/Src/stm32f1xx_hal_pwr.c 0x00000000   Number         0  stm32f1xx_hal_pwr.o ABSOLUTE
    ../Drivers/STM32F1xx_HAL_Driver/Src/stm32f1xx_hal_rcc.c 0x00000000   Number         0  stm32f1xx_hal_rcc.o ABSOLUTE
    ../Drivers/STM32F1xx_HAL_Driver/Src/stm32f1xx_hal_rcc_ex.c 0x00000000   Number         0  stm32f1xx_hal_rcc_ex.o ABSOLUTE
    ../Drivers/STM32F1xx_HAL_Driver/Src/stm32f1xx_hal_tim.c 0x00000000   Number         0  stm32f1xx_hal_tim.o ABSOLUTE
    ../Drivers/STM32F1xx_HAL_Driver/Src/stm32f1xx_hal_tim_ex.c 0x00000000   Number         0  stm32f1xx_hal_tim_ex.o ABSOLUTE
    ../Src/main.c                            0x00000000   Number         0  main.o ABSOLUTE
    ../Src/stm32f1xx_hal_msp.c               0x00000000   Number         0  stm32f1xx_hal_msp.o ABSOLUTE
    ../Src/stm32f1xx_it.c                    0x00000000   Number         0  stm32f1xx_it.o ABSOLUTE
    ../Src/system_stm32f1xx.c                0x00000000   Number         0  system_stm32f1xx.o ABSOLUTE
    ../clib/microlib/init/entry.s            0x00000000   Number         0  entry8a.o ABSOLUTE
    ../clib/microlib/init/entry.s            0x00000000   Number         0  entry7a.o ABSOLUTE
    ../clib/microlib/init/entry.s            0x00000000   Number         0  entry7b.o ABSOLUTE
    ../clib/microlib/init/entry.s            0x00000000   Number         0  entry9a.o ABSOLUTE
    ../clib/microlib/init/entry.s            0x00000000   Number         0  entry10a.o ABSOLUTE
    ../clib/microlib/init/entry.s            0x00000000   Number         0  entry5.o ABSOLUTE
    ../clib/microlib/init/entry.s            0x00000000   Number         0  entry.o ABSOLUTE
    ../clib/microlib/init/entry.s            0x00000000   Number         0  entry2.o ABSOLUTE
    ../clib/microlib/init/entry.s            0x00000000   Number         0  entry11b.o ABSOLUTE
    ../clib/microlib/init/entry.s            0x00000000   Number         0  entry11a.o ABSOLUTE
    ../clib/microlib/init/entry.s            0x00000000   Number         0  entry10b.o ABSOLUTE
    ../clib/microlib/init/entry.s            0x00000000   Number         0  entry9b.o ABSOLUTE
    ../clib/microlib/init/entry.s            0x00000000   Number         0  entry8b.o ABSOLUTE
    ../clib/microlib/longlong.c              0x00000000   Number         0  llushr.o ABSOLUTE
    ../clib/microlib/longlong.c              0x00000000   Number         0  llshl.o ABSOLUTE
    ../clib/microlib/stubs.s                 0x00000000   Number         0  iusefp.o ABSOLUTE
    ../fplib/microlib/d2f.c                  0x00000000   Number         0  d2f.o ABSOLUTE
    ../fplib/microlib/fpdiv.c                0x00000000   Number         0  ddiv.o ABSOLUTE
    ../fplib/microlib/fpepilogue.c           0x00000000   Number         0  depilogue.o ABSOLUTE
    ../fplib/microlib/fpepilogue.c           0x00000000   Number         0  fepilogue.o ABSOLUTE
    ../fplib/microlib/fpfix.c                0x00000000   Number         0  ffixui.o ABSOLUTE
    ../fplib/microlib/fpfix.c                0x00000000   Number         0  ffixi.o ABSOLUTE
    ../fplib/microlib/fpflt.c                0x00000000   Number         0  dflti.o ABSOLUTE
    ../fplib/microlib/fpflt.c                0x00000000   Number         0  dfltui.o ABSOLUTE
    ../fplib/microlib/fpflt.c                0x00000000   Number         0  fflti.o ABSOLUTE
    ../fplib/microlib/fpmul.c                0x00000000   Number         0  fmul.o ABSOLUTE
    ../fplib/microlib/fpmul.c                0x00000000   Number         0  dmul.o ABSOLUTE
    ../fplib/microlib/fpscalb.c              0x00000000   Number         0  fscalb.o ABSOLUTE
    ..\Drivers\STM32F1xx_HAL_Driver\Src\stm32f1xx_hal.c 0x00000000   Number         0  stm32f1xx_hal.o ABSOLUTE
    ..\Drivers\STM32F1xx_HAL_Driver\Src\stm32f1xx_hal_cortex.c 0x00000000   Number         0  stm32f1xx_hal_cortex.o ABSOLUTE
    ..\Drivers\STM32F1xx_HAL_Driver\Src\stm32f1xx_hal_dma.c 0x00000000   Number         0  stm32f1xx_hal_dma.o ABSOLUTE
    ..\Drivers\STM32F1xx_HAL_Driver\Src\stm32f1xx_hal_flash.c 0x00000000   Number         0  stm32f1xx_hal_flash.o ABSOLUTE
    ..\Drivers\STM32F1xx_HAL_Driver\Src\stm32f1xx_hal_flash_ex.c 0x00000000   Number         0  stm32f1xx_hal_flash_ex.o ABSOLUTE
    ..\Drivers\STM32F1xx_HAL_Driver\Src\stm32f1xx_hal_gpio.c 0x00000000   Number         0  stm32f1xx_hal_gpio.o ABSOLUTE
    ..\Drivers\STM32F1xx_HAL_Driver\Src\stm32f1xx_hal_gpio_ex.c 0x00000000   Number         0  stm32f1xx_hal_gpio_ex.o ABSOLUTE
    ..\Drivers\STM32F1xx_HAL_Driver\Src\stm32f1xx_hal_pwr.c 0x00000000   Number         0  stm32f1xx_hal_pwr.o ABSOLUTE
    ..\Drivers\STM32F1xx_HAL_Driver\Src\stm32f1xx_hal_rcc.c 0x00000000   Number         0  stm32f1xx_hal_rcc.o ABSOLUTE
    ..\Drivers\STM32F1xx_HAL_Driver\Src\stm32f1xx_hal_rcc_ex.c 0x00000000   Number         0  stm32f1xx_hal_rcc_ex.o ABSOLUTE
    ..\Drivers\STM32F1xx_HAL_Driver\Src\stm32f1xx_hal_tim.c 0x00000000   Number         0  stm32f1xx_hal_tim.o ABSOLUTE
    ..\Drivers\STM32F1xx_HAL_Driver\Src\stm32f1xx_hal_tim_ex.c 0x00000000   Number         0  stm32f1xx_hal_tim_ex.o ABSOLUTE
    ..\Src\DS18B20.c                         0x00000000   Number         0  ds18b20.o ABSOLUTE
    ..\Src\DiscreteControl.c                 0x00000000   Number         0  discretecontrol.o ABSOLUTE
    ..\Src\DynamicIndication.c               0x00000000   Number         0  dynamicindication.o ABSOLUTE
    ..\Src\LED.c                             0x00000000   Number         0  led.o ABSOLUTE
    ..\Src\PID.c                             0x00000000   Number         0  pid.o ABSOLUTE
    ..\Src\main.c                            0x00000000   Number         0  main.o ABSOLUTE
    ..\Src\stm32f1xx_hal_msp.c               0x00000000   Number         0  stm32f1xx_hal_msp.o ABSOLUTE
    ..\Src\stm32f1xx_it.c                    0x00000000   Number         0  stm32f1xx_it.o ABSOLUTE
    ..\Src\system_stm32f1xx.c                0x00000000   Number         0  system_stm32f1xx.o ABSOLUTE
    ..\Src\time.c                            0x00000000   Number         0  time.o ABSOLUTE
    ..\\Src\\DS18B20.c                       0x00000000   Number         0  ds18b20.o ABSOLUTE
    ..\\Src\\DiscreteControl.c               0x00000000   Number         0  discretecontrol.o ABSOLUTE
    ..\\Src\\DynamicIndication.c             0x00000000   Number         0  dynamicindication.o ABSOLUTE
    ..\\Src\\LED.c                           0x00000000   Number         0  led.o ABSOLUTE
    ..\\Src\\PID.c                           0x00000000   Number         0  pid.o ABSOLUTE
    ..\\Src\\time.c                          0x00000000   Number         0  time.o ABSOLUTE
    dc.s                                     0x00000000   Number         0  dc.o ABSOLUTE
    handlers.s                               0x00000000   Number         0  handlers.o ABSOLUTE
    init.s                                   0x00000000   Number         0  init.o ABSOLUTE
    startup_stm32f103xb.s                    0x00000000   Number         0  startup_stm32f103xb.o ABSOLUTE
    RESET                                    0x08000000   Section      236  startup_stm32f103xb.o(RESET)
    .ARM.Collect$$$$00000000                 0x080000ec   Section        0  entry.o(.ARM.Collect$$$$00000000)
    .ARM.Collect$$$$00000001                 0x080000ec   Section        4  entry2.o(.ARM.Collect$$$$00000001)
    .ARM.Collect$$$$00000004                 0x080000f0   Section        4  entry5.o(.ARM.Collect$$$$00000004)
    .ARM.Collect$$$$00000008                 0x080000f4   Section        0  entry7b.o(.ARM.Collect$$$$00000008)
    .ARM.Collect$$$$0000000A                 0x080000f4   Section        0  entry8b.o(.ARM.Collect$$$$0000000A)
    .ARM.Collect$$$$0000000B                 0x080000f4   Section        8  entry9a.o(.ARM.Collect$$$$0000000B)
    .ARM.Collect$$$$0000000D                 0x080000fc   Section        0  entry10a.o(.ARM.Collect$$$$0000000D)
    .ARM.Collect$$$$0000000F                 0x080000fc   Section        0  entry11a.o(.ARM.Collect$$$$0000000F)
    .ARM.Collect$$$$00002712                 0x080000fc   Section        4  entry2.o(.ARM.Collect$$$$00002712)
    __lit__00000000                          0x080000fc   Data           4  entry2.o(.ARM.Collect$$$$00002712)
    .text                                    0x08000100   Section       36  startup_stm32f103xb.o(.text)
    .text                                    0x08000124   Section        0  llushr.o(.text)
    .text                                    0x08000144   Section        0  fmul.o(.text)
    .text                                    0x080001a8   Section        0  fscalb.o(.text)
    .text                                    0x080001c0   Section        0  dmul.o(.text)
    .text                                    0x080002a4   Section        0  ddiv.o(.text)
    .text                                    0x08000382   Section        0  fflti.o(.text)
    .text                                    0x08000394   Section        0  dflti.o(.text)
    .text                                    0x080003b6   Section        0  dfltui.o(.text)
    .text                                    0x080003d0   Section        0  ffixi.o(.text)
    .text                                    0x08000402   Section        0  ffixui.o(.text)
    .text                                    0x0800042a   Section        0  d2f.o(.text)
    .text                                    0x08000462   Section        0  fepilogue.o(.text)
    .text                                    0x08000462   Section        0  iusefp.o(.text)
    .text                                    0x080004d0   Section        0  depilogue.o(.text)
    .text                                    0x0800058c   Section       36  init.o(.text)
    .text                                    0x080005b0   Section        0  llshl.o(.text)
    i.BusFault_Handler                       0x080005ce   Section        0  stm32f1xx_it.o(i.BusFault_Handler)
    i.DS18B20_App                            0x080005d0   Section        0  ds18b20.o(i.DS18B20_App)
    i.DebugMon_Handler                       0x08000680   Section        0  stm32f1xx_it.o(i.DebugMon_Handler)
    i.HAL_GPIO_Init                          0x08000684   Section        0  stm32f1xx_hal_gpio.o(i.HAL_GPIO_Init)
    i.HAL_GPIO_WritePin                      0x08000840   Section        0  stm32f1xx_hal_gpio.o(i.HAL_GPIO_WritePin)
    i.HAL_GetTick                            0x0800084c   Section        0  stm32f1xx_hal.o(i.HAL_GetTick)
    i.HAL_IncTick                            0x08000858   Section        0  stm32f1xx_hal.o(i.HAL_IncTick)
    i.HAL_Init                               0x08000868   Section        0  stm32f1xx_hal.o(i.HAL_Init)
    i.HAL_InitTick                           0x0800088c   Section        0  stm32f1xx_hal.o(i.HAL_InitTick)
    i.HAL_MspInit                            0x080008b4   Section        0  stm32f1xx_hal_msp.o(i.HAL_MspInit)
    i.HAL_NVIC_SetPriority                   0x08000938   Section        0  stm32f1xx_hal_cortex.o(i.HAL_NVIC_SetPriority)
    i.HAL_NVIC_SetPriorityGrouping           0x08000978   Section        0  stm32f1xx_hal_cortex.o(i.HAL_NVIC_SetPriorityGrouping)
    i.HAL_RCC_ClockConfig                    0x0800099c   Section        0  stm32f1xx_hal_rcc.o(i.HAL_RCC_ClockConfig)
    i.HAL_RCC_GetHCLKFreq                    0x08000af0   Section        0  stm32f1xx_hal_rcc.o(i.HAL_RCC_GetHCLKFreq)
    i.HAL_RCC_GetSysClockFreq                0x08000afc   Section        0  stm32f1xx_hal_rcc.o(i.HAL_RCC_GetSysClockFreq)
    i.HAL_RCC_OscConfig                      0x08000b68   Section        0  stm32f1xx_hal_rcc.o(i.HAL_RCC_OscConfig)
    i.HAL_SYSTICK_CLKSourceConfig            0x08000e6c   Section        0  stm32f1xx_hal_cortex.o(i.HAL_SYSTICK_CLKSourceConfig)
    i.HAL_SYSTICK_Callback                   0x08000e84   Section        0  stm32f1xx_hal_cortex.o(i.HAL_SYSTICK_Callback)
    i.HAL_SYSTICK_Config                     0x08000e86   Section        0  stm32f1xx_hal_cortex.o(i.HAL_SYSTICK_Config)
    i.HAL_SYSTICK_IRQHandler                 0x08000eae   Section        0  stm32f1xx_hal_cortex.o(i.HAL_SYSTICK_IRQHandler)
    i.HAL_TIMEx_MasterConfigSynchronization  0x08000eb6   Section        0  stm32f1xx_hal_tim_ex.o(i.HAL_TIMEx_MasterConfigSynchronization)
    i.HAL_TIM_Base_Init                      0x08000f06   Section        0  stm32f1xx_hal_tim.o(i.HAL_TIM_Base_Init)
    i.HAL_TIM_Base_MspInit                   0x08000f3c   Section        0  stm32f1xx_hal_msp.o(i.HAL_TIM_Base_MspInit)
    i.HAL_TIM_Base_Start                     0x08000f64   Section        0  stm32f1xx_hal_tim.o(i.HAL_TIM_Base_Start)
    i.HAL_TIM_ConfigClockSource              0x08000f7e   Section        0  stm32f1xx_hal_tim.o(i.HAL_TIM_ConfigClockSource)
    i.HardFault_Handler                      0x08001070   Section        0  stm32f1xx_it.o(i.HardFault_Handler)
    i.MX_GPIO_Init                           0x08001074   Section        0  main.o(i.MX_GPIO_Init)
    MX_GPIO_Init                             0x08001075   Thumb Code   142  main.o(i.MX_GPIO_Init)
    i.MX_TIM3_Init                           0x08001110   Section        0  main.o(i.MX_TIM3_Init)
    MX_TIM3_Init                             0x08001111   Thumb Code    78  main.o(i.MX_TIM3_Init)
    i.MemManage_Handler                      0x08001168   Section        0  stm32f1xx_it.o(i.MemManage_Handler)
    i.NMI_Handler                            0x0800116a   Section        0  stm32f1xx_it.o(i.NMI_Handler)
    i.NVIC_SetPriority                       0x0800116c   Section        0  stm32f1xx_hal_cortex.o(i.NVIC_SetPriority)
    NVIC_SetPriority                         0x0800116d   Thumb Code    32  stm32f1xx_hal_cortex.o(i.NVIC_SetPriority)
    i.PID                                    0x0800118c   Section        0  pid.o(i.PID)
    i.PID_Init                               0x08001490   Section        0  pid.o(i.PID_Init)
    i.POWER_App                              0x080014b0   Section        0  discretecontrol.o(i.POWER_App)
    i.POWER_Off                              0x08001518   Section        0  discretecontrol.o(i.POWER_Off)
    i.POWER_On                               0x08001528   Section        0  discretecontrol.o(i.POWER_On)
    i.PendSV_Handler                         0x08001538   Section        0  stm32f1xx_it.o(i.PendSV_Handler)
    i.ResetTimer16                           0x0800153c   Section        0  time.o(i.ResetTimer16)
    i.SVC_Handler                            0x08001564   Section        0  stm32f1xx_it.o(i.SVC_Handler)
    i.SoftTimersCallback                     0x08001568   Section        0  time.o(i.SoftTimersCallback)
    i.StartTimer16                           0x080015b4   Section        0  time.o(i.StartTimer16)
    i.StartTimer8                            0x080015e4   Section        0  time.o(i.StartTimer8)
    i.SysTick_Handler                        0x08001610   Section        0  stm32f1xx_it.o(i.SysTick_Handler)
    i.SystemClock_Config                     0x08001648   Section        0  main.o(i.SystemClock_Config)
    i.SystemInit                             0x080016a4   Section        0  system_stm32f1xx.o(i.SystemInit)
    i.TIM_Base_SetConfig                     0x080016ec   Section        0  stm32f1xx_hal_tim.o(i.TIM_Base_SetConfig)
    i.TIM_ETR_SetConfig                      0x08001758   Section        0  stm32f1xx_hal_tim.o(i.TIM_ETR_SetConfig)
    TIM_ETR_SetConfig                        0x08001759   Thumb Code    20  stm32f1xx_hal_tim.o(i.TIM_ETR_SetConfig)
    i.TIM_ITRx_SetConfig                     0x0800176c   Section        0  stm32f1xx_hal_tim.o(i.TIM_ITRx_SetConfig)
    TIM_ITRx_SetConfig                       0x0800176d   Thumb Code    16  stm32f1xx_hal_tim.o(i.TIM_ITRx_SetConfig)
    i.TIM_TI1_ConfigInputStage               0x0800177c   Section        0  stm32f1xx_hal_tim.o(i.TIM_TI1_ConfigInputStage)
    TIM_TI1_ConfigInputStage                 0x0800177d   Thumb Code    34  stm32f1xx_hal_tim.o(i.TIM_TI1_ConfigInputStage)
    i.TIM_TI2_ConfigInputStage               0x0800179e   Section        0  stm32f1xx_hal_tim.o(i.TIM_TI2_ConfigInputStage)
    TIM_TI2_ConfigInputStage                 0x0800179f   Thumb Code    36  stm32f1xx_hal_tim.o(i.TIM_TI2_ConfigInputStage)
    i.TimeInit                               0x080017c4   Section        0  time.o(i.TimeInit)
    i.Timer16Alloc                           0x080017fc   Section        0  time.o(i.Timer16Alloc)
    i.Timer16Stopp                           0x0800180c   Section        0  time.o(i.Timer16Stopp)
    i.Timer8Alloc                            0x08001838   Section        0  time.o(i.Timer8Alloc)
    i.Timer8Stopp                            0x08001848   Section        0  time.o(i.Timer8Stopp)
    i.TimersInc                              0x08001874   Section        0  time.o(i.TimersInc)
    i.UsageFault_Handler                     0x08001960   Section        0  stm32f1xx_it.o(i.UsageFault_Handler)
    i.__scatterload_copy                     0x08001962   Section       14  handlers.o(i.__scatterload_copy)
    i.__scatterload_null                     0x08001970   Section        2  handlers.o(i.__scatterload_null)
    i.__scatterload_zeroinit                 0x08001972   Section       14  handlers.o(i.__scatterload_zeroinit)
    i.ds_read_bit                            0x08001980   Section        0  ds18b20.o(i.ds_read_bit)
    i.ds_read_byte                           0x080019bc   Section        0  ds18b20.o(i.ds_read_byte)
    i.ds_reset_pulse                         0x080019e4   Section        0  ds18b20.o(i.ds_reset_pulse)
    i.ds_write_bit                           0x08001a3c   Section        0  ds18b20.o(i.ds_write_bit)
    i.ds_write_byte                          0x08001a70   Section        0  ds18b20.o(i.ds_write_byte)
    i.dynamicIndicationTickHandler           0x08001a94   Section        0  dynamicindication.o(i.dynamicIndicationTickHandler)
    i.main                                   0x08001aec   Section        0  main.o(i.main)
    i.readTemperature                        0x08001b94   Section        0  ds18b20.o(i.readTemperature)
    i.setDigit                               0x08001ba0   Section        0  dynamicindication.o(i.setDigit)
    i.showValue                              0x08001c08   Section        0  dynamicindication.o(i.showValue)
    .constdata                               0x08001c14   Section       16  system_stm32f1xx.o(.constdata)
    .data                                    0x20000000   Section        4  system_stm32f1xx.o(.data)
    .data                                    0x20000004   Section        2  stm32f1xx_it.o(.data)
    counter                                  0x20000004   Data           2  stm32f1xx_it.o(.data)
    .data                                    0x20000008   Section       28  main.o(.data)
    PID_Tk_EEP                               0x20000010   Data          20  main.o(.data)
    .data                                    0x20000024   Section        1  main.o(.data)
    .data                                    0x20000028   Section       52  dynamicindication.o(.data)
    state                                    0x20000028   Data           1  dynamicindication.o(.data)
    currentDigit                             0x20000029   Data           1  dynamicindication.o(.data)
    counter                                  0x2000002c   Data           2  dynamicindication.o(.data)
    currentValue                             0x2000002e   Data           2  dynamicindication.o(.data)
    .data                                    0x2000005c   Section        8  ds18b20.o(.data)
    state                                    0x2000005c   Data           1  ds18b20.o(.data)
    .data                                    0x20000064   Section       30  time.o(.data)
    VacantTimer8_ISR                         0x20000064   Data           1  time.o(.data)
    VacantTimer8Sys_ISR                      0x20000065   Data           1  time.o(.data)
    VacantTimer8                             0x20000066   Data           1  time.o(.data)
    VacantTimer16                            0x20000067   Data           1  time.o(.data)
    VacantTimer32                            0x20000068   Data           1  time.o(.data)
    VacantTimer8Sys                          0x20000069   Data           1  time.o(.data)
    VacantTimer16Sys                         0x2000006a   Data           1  time.o(.data)
    VacantTimer32Sys                         0x2000006b   Data           1  time.o(.data)
    TickCounter                              0x2000006c   Data           1  time.o(.data)
    TD_Scan                                  0x2000006d   Data           1  time.o(.data)
    Timer8_ISR_Flg                           0x2000006e   Data           2  time.o(.data)
    Timer32Flg                               0x20000070   Data           2  time.o(.data)
    Timer8Flg                                0x20000072   Data           4  time.o(.data)
    Timer16Flg                               0x20000076   Data           4  time.o(.data)
    Timer8_ISR                               0x2000007a   Data           8  time.o(.data)
    .data                                    0x20000082   Section        4  discretecontrol.o(.data)
    state                                    0x20000083   Data           1  discretecontrol.o(.data)
    .data                                    0x20000088   Section        4  stm32f1xx_hal.o(.data)
    .bss                                     0x2000008c   Section       92  main.o(.bss)
    PID_Tk_RAM                               0x2000008c   Data          28  main.o(.bss)
    .bss                                     0x200000e8   Section      104  time.o(.bss)
    Timer8                                   0x200000e8   Data          24  time.o(.bss)
    Timer16                                  0x20000100   Data          48  time.o(.bss)
    Timer32                                  0x20000130   Data          32  time.o(.bss)
    STACK                                    0x20000150   Section     1024  startup_stm32f103xb.o(STACK)

    Global Symbols

    Symbol Name                              Value     Ov Type        Size  Object(Section)

    BuildAttributes$$THM_ISAv4$P$D$K$B$S$PE$A:L22UL41UL21$X:L11$S22US41US21$IEEE1$IW$USESV6$~STKCKD$USESV7$~SHL$OTIME$ROPI$EBA8$MICROLIB$REQ8$PRES8$EABIv2 0x00000000   Number         0  anon$$obj.o ABSOLUTE
    __ARM_use_no_argv                        0x00000000   Number         0  main.o ABSOLUTE
    __cpp_initialize__aeabi_                  - Undefined Weak Reference
    __cxa_finalize                            - Undefined Weak Reference
    __decompress                              - Undefined Weak Reference
    _clock_init                               - Undefined Weak Reference
    _microlib_exit                            - Undefined Weak Reference
    __Vectors_Size                           0x000000ec   Number         0  startup_stm32f103xb.o ABSOLUTE
    __Vectors                                0x08000000   Data           4  startup_stm32f103xb.o(RESET)
    __Vectors_End                            0x080000ec   Data           0  startup_stm32f103xb.o(RESET)
    __main                                   0x080000ed   Thumb Code     0  entry.o(.ARM.Collect$$$$00000000)
    _main_stk                                0x080000ed   Thumb Code     0  entry2.o(.ARM.Collect$$$$00000001)
    _main_scatterload                        0x080000f1   Thumb Code     0  entry5.o(.ARM.Collect$$$$00000004)
    __main_after_scatterload                 0x080000f5   Thumb Code     0  entry5.o(.ARM.Collect$$$$00000004)
    _main_clock                              0x080000f5   Thumb Code     0  entry7b.o(.ARM.Collect$$$$00000008)
    _main_cpp_init                           0x080000f5   Thumb Code     0  entry8b.o(.ARM.Collect$$$$0000000A)
    _main_init                               0x080000f5   Thumb Code     0  entry9a.o(.ARM.Collect$$$$0000000B)
    __rt_final_cpp                           0x080000fd   Thumb Code     0  entry10a.o(.ARM.Collect$$$$0000000D)
    __rt_final_exit                          0x080000fd   Thumb Code     0  entry11a.o(.ARM.Collect$$$$0000000F)
    Reset_Handler                            0x08000101   Thumb Code     8  startup_stm32f103xb.o(.text)
    ADC1_2_IRQHandler                        0x0800011b   Thumb Code     0  startup_stm32f103xb.o(.text)
    CAN1_RX1_IRQHandler                      0x0800011b   Thumb Code     0  startup_stm32f103xb.o(.text)
    CAN1_SCE_IRQHandler                      0x0800011b   Thumb Code     0  startup_stm32f103xb.o(.text)
    DMA1_Channel1_IRQHandler                 0x0800011b   Thumb Code     0  startup_stm32f103xb.o(.text)
    DMA1_Channel2_IRQHandler                 0x0800011b   Thumb Code     0  startup_stm32f103xb.o(.text)
    DMA1_Channel3_IRQHandler                 0x0800011b   Thumb Code     0  startup_stm32f103xb.o(.text)
    DMA1_Channel4_IRQHandler                 0x0800011b   Thumb Code     0  startup_stm32f103xb.o(.text)
    DMA1_Channel5_IRQHandler                 0x0800011b   Thumb Code     0  startup_stm32f103xb.o(.text)
    DMA1_Channel6_IRQHandler                 0x0800011b   Thumb Code     0  startup_stm32f103xb.o(.text)
    DMA1_Channel7_IRQHandler                 0x0800011b   Thumb Code     0  startup_stm32f103xb.o(.text)
    EXTI0_IRQHandler                         0x0800011b   Thumb Code     0  startup_stm32f103xb.o(.text)
    EXTI15_10_IRQHandler                     0x0800011b   Thumb Code     0  startup_stm32f103xb.o(.text)
    EXTI1_IRQHandler                         0x0800011b   Thumb Code     0  startup_stm32f103xb.o(.text)
    EXTI2_IRQHandler                         0x0800011b   Thumb Code     0  startup_stm32f103xb.o(.text)
    EXTI3_IRQHandler                         0x0800011b   Thumb Code     0  startup_stm32f103xb.o(.text)
    EXTI4_IRQHandler                         0x0800011b   Thumb Code     0  startup_stm32f103xb.o(.text)
    EXTI9_5_IRQHandler                       0x0800011b   Thumb Code     0  startup_stm32f103xb.o(.text)
    FLASH_IRQHandler                         0x0800011b   Thumb Code     0  startup_stm32f103xb.o(.text)
    I2C1_ER_IRQHandler                       0x0800011b   Thumb Code     0  startup_stm32f103xb.o(.text)
    I2C1_EV_IRQHandler                       0x0800011b   Thumb Code     0  startup_stm32f103xb.o(.text)
    I2C2_ER_IRQHandler                       0x0800011b   Thumb Code     0  startup_stm32f103xb.o(.text)
    I2C2_EV_IRQHandler                       0x0800011b   Thumb Code     0  startup_stm32f103xb.o(.text)
    PVD_IRQHandler                           0x0800011b   Thumb Code     0  startup_stm32f103xb.o(.text)
    RCC_IRQHandler                           0x0800011b   Thumb Code     0  startup_stm32f103xb.o(.text)
    RTC_Alarm_IRQHandler                     0x0800011b   Thumb Code     0  startup_stm32f103xb.o(.text)
    RTC_IRQHandler                           0x0800011b   Thumb Code     0  startup_stm32f103xb.o(.text)
    SPI1_IRQHandler                          0x0800011b   Thumb Code     0  startup_stm32f103xb.o(.text)
    SPI2_IRQHandler                          0x0800011b   Thumb Code     0  startup_stm32f103xb.o(.text)
    TAMPER_IRQHandler                        0x0800011b   Thumb Code     0  startup_stm32f103xb.o(.text)
    TIM1_BRK_IRQHandler                      0x0800011b   Thumb Code     0  startup_stm32f103xb.o(.text)
    TIM1_CC_IRQHandler                       0x0800011b   Thumb Code     0  startup_stm32f103xb.o(.text)
    TIM1_TRG_COM_IRQHandler                  0x0800011b   Thumb Code     0  startup_stm32f103xb.o(.text)
    TIM1_UP_IRQHandler                       0x0800011b   Thumb Code     0  startup_stm32f103xb.o(.text)
    TIM2_IRQHandler                          0x0800011b   Thumb Code     0  startup_stm32f103xb.o(.text)
    TIM3_IRQHandler                          0x0800011b   Thumb Code     0  startup_stm32f103xb.o(.text)
    TIM4_IRQHandler                          0x0800011b   Thumb Code     0  startup_stm32f103xb.o(.text)
    USART1_IRQHandler                        0x0800011b   Thumb Code     0  startup_stm32f103xb.o(.text)
    USART2_IRQHandler                        0x0800011b   Thumb Code     0  startup_stm32f103xb.o(.text)
    USART3_IRQHandler                        0x0800011b   Thumb Code     0  startup_stm32f103xb.o(.text)
    USBWakeUp_IRQHandler                     0x0800011b   Thumb Code     0  startup_stm32f103xb.o(.text)
    USB_HP_CAN1_TX_IRQHandler                0x0800011b   Thumb Code     0  startup_stm32f103xb.o(.text)
    USB_LP_CAN1_RX0_IRQHandler               0x0800011b   Thumb Code     0  startup_stm32f103xb.o(.text)
    WWDG_IRQHandler                          0x0800011b   Thumb Code     0  startup_stm32f103xb.o(.text)
    __aeabi_llsr                             0x08000125   Thumb Code    32  llushr.o(.text)
    _ll_ushift_r                             0x08000125   Thumb Code     0  llushr.o(.text)
    __aeabi_fmul                             0x08000145   Thumb Code   100  fmul.o(.text)
    __ARM_scalbnf                            0x080001a9   Thumb Code    24  fscalb.o(.text)
    scalbnf                                  0x080001a9   Thumb Code     0  fscalb.o(.text)
    __aeabi_dmul                             0x080001c1   Thumb Code   228  dmul.o(.text)
    __aeabi_ddiv                             0x080002a5   Thumb Code   222  ddiv.o(.text)
    __aeabi_i2f                              0x08000383   Thumb Code    18  fflti.o(.text)
    __aeabi_i2d                              0x08000395   Thumb Code    34  dflti.o(.text)
    __aeabi_ui2d                             0x080003b7   Thumb Code    26  dfltui.o(.text)
    __aeabi_f2iz                             0x080003d1   Thumb Code    50  ffixi.o(.text)
    __aeabi_f2uiz                            0x08000403   Thumb Code    40  ffixui.o(.text)
    __aeabi_d2f                              0x0800042b   Thumb Code    56  d2f.o(.text)
    __I$use$fp                               0x08000463   Thumb Code     0  iusefp.o(.text)
    _float_round                             0x08000463   Thumb Code    18  fepilogue.o(.text)
    _float_epilogue                          0x08000475   Thumb Code    92  fepilogue.o(.text)
    _double_round                            0x080004d1   Thumb Code    30  depilogue.o(.text)
    _double_epilogue                         0x080004ef   Thumb Code   156  depilogue.o(.text)
    __scatterload                            0x0800058d   Thumb Code    28  init.o(.text)
    __scatterload_rt2                        0x0800058d   Thumb Code     0  init.o(.text)
    __aeabi_llsl                             0x080005b1   Thumb Code    30  llshl.o(.text)
    _ll_shift_l                              0x080005b1   Thumb Code     0  llshl.o(.text)
    BusFault_Handler                         0x080005cf   Thumb Code     2  stm32f1xx_it.o(i.BusFault_Handler)
    DS18B20_App                              0x080005d1   Thumb Code   164  ds18b20.o(i.DS18B20_App)
    DebugMon_Handler                         0x08000681   Thumb Code     2  stm32f1xx_it.o(i.DebugMon_Handler)
    HAL_GPIO_Init                            0x08000685   Thumb Code   408  stm32f1xx_hal_gpio.o(i.HAL_GPIO_Init)
    HAL_GPIO_WritePin                        0x08000841   Thumb Code    10  stm32f1xx_hal_gpio.o(i.HAL_GPIO_WritePin)
    HAL_GetTick                              0x0800084d   Thumb Code     6  stm32f1xx_hal.o(i.HAL_GetTick)
    HAL_IncTick                              0x08000859   Thumb Code    10  stm32f1xx_hal.o(i.HAL_IncTick)
    HAL_Init                                 0x08000869   Thumb Code    32  stm32f1xx_hal.o(i.HAL_Init)
    HAL_InitTick                             0x0800088d   Thumb Code    34  stm32f1xx_hal.o(i.HAL_InitTick)
    HAL_MspInit                              0x080008b5   Thumb Code   122  stm32f1xx_hal_msp.o(i.HAL_MspInit)
    HAL_NVIC_SetPriority                     0x08000939   Thumb Code    60  stm32f1xx_hal_cortex.o(i.HAL_NVIC_SetPriority)
    HAL_NVIC_SetPriorityGrouping             0x08000979   Thumb Code    26  stm32f1xx_hal_cortex.o(i.HAL_NVIC_SetPriorityGrouping)
    HAL_RCC_ClockConfig                      0x0800099d   Thumb Code   322  stm32f1xx_hal_rcc.o(i.HAL_RCC_ClockConfig)
    HAL_RCC_GetHCLKFreq                      0x08000af1   Thumb Code     6  stm32f1xx_hal_rcc.o(i.HAL_RCC_GetHCLKFreq)
    HAL_RCC_GetSysClockFreq                  0x08000afd   Thumb Code    74  stm32f1xx_hal_rcc.o(i.HAL_RCC_GetSysClockFreq)
    HAL_RCC_OscConfig                        0x08000b69   Thumb Code   750  stm32f1xx_hal_rcc.o(i.HAL_RCC_OscConfig)
    HAL_SYSTICK_CLKSourceConfig              0x08000e6d   Thumb Code    24  stm32f1xx_hal_cortex.o(i.HAL_SYSTICK_CLKSourceConfig)
    HAL_SYSTICK_Callback                     0x08000e85   Thumb Code     2  stm32f1xx_hal_cortex.o(i.HAL_SYSTICK_Callback)
    HAL_SYSTICK_Config                       0x08000e87   Thumb Code    40  stm32f1xx_hal_cortex.o(i.HAL_SYSTICK_Config)
    HAL_SYSTICK_IRQHandler                   0x08000eaf   Thumb Code     8  stm32f1xx_hal_cortex.o(i.HAL_SYSTICK_IRQHandler)
    HAL_TIMEx_MasterConfigSynchronization    0x08000eb7   Thumb Code    80  stm32f1xx_hal_tim_ex.o(i.HAL_TIMEx_MasterConfigSynchronization)
    HAL_TIM_Base_Init                        0x08000f07   Thumb Code    54  stm32f1xx_hal_tim.o(i.HAL_TIM_Base_Init)
    HAL_TIM_Base_MspInit                     0x08000f3d   Thumb Code    30  stm32f1xx_hal_msp.o(i.HAL_TIM_Base_MspInit)
    HAL_TIM_Base_Start                       0x08000f65   Thumb Code    26  stm32f1xx_hal_tim.o(i.HAL_TIM_Base_Start)
    HAL_TIM_ConfigClockSource                0x08000f7f   Thumb Code   242  stm32f1xx_hal_tim.o(i.HAL_TIM_ConfigClockSource)
    HardFault_Handler                        0x08001071   Thumb Code     2  stm32f1xx_it.o(i.HardFault_Handler)
    MemManage_Handler                        0x08001169   Thumb Code     2  stm32f1xx_it.o(i.MemManage_Handler)
    NMI_Handler                              0x0800116b   Thumb Code     2  stm32f1xx_it.o(i.NMI_Handler)
    PID                                      0x0800118d   Thumb Code   744  pid.o(i.PID)
    PID_Init                                 0x08001491   Thumb Code    30  pid.o(i.PID_Init)
    POWER_App                                0x080014b1   Thumb Code    98  discretecontrol.o(i.POWER_App)
    POWER_Off                                0x08001519   Thumb Code    10  discretecontrol.o(i.POWER_Off)
    POWER_On                                 0x08001529   Thumb Code    12  discretecontrol.o(i.POWER_On)
    PendSV_Handler                           0x08001539   Thumb Code     2  stm32f1xx_it.o(i.PendSV_Handler)
    ResetTimer16                             0x0800153d   Thumb Code    32  time.o(i.ResetTimer16)
    SVC_Handler                              0x08001565   Thumb Code     2  stm32f1xx_it.o(i.SVC_Handler)
    SoftTimersCallback                       0x08001569   Thumb Code    70  time.o(i.SoftTimersCallback)
    StartTimer16                             0x080015b5   Thumb Code    38  time.o(i.StartTimer16)
    StartTimer8                              0x080015e5   Thumb Code    36  time.o(i.StartTimer8)
    SysTick_Handler                          0x08001611   Thumb Code    46  stm32f1xx_it.o(i.SysTick_Handler)
    SystemClock_Config                       0x08001649   Thumb Code    90  main.o(i.SystemClock_Config)
    SystemInit                               0x080016a5   Thumb Code    56  system_stm32f1xx.o(i.SystemInit)
    TIM_Base_SetConfig                       0x080016ed   Thumb Code    94  stm32f1xx_hal_tim.o(i.TIM_Base_SetConfig)
    TimeInit                                 0x080017c5   Thumb Code    50  time.o(i.TimeInit)
    Timer16Alloc                             0x080017fd   Thumb Code    10  time.o(i.Timer16Alloc)
    Timer16Stopp                             0x0800180d   Thumb Code    36  time.o(i.Timer16Stopp)
    Timer8Alloc                              0x08001839   Thumb Code    10  time.o(i.Timer8Alloc)
    Timer8Stopp                              0x08001849   Thumb Code    34  time.o(i.Timer8Stopp)
    TimersInc                                0x08001875   Thumb Code   228  time.o(i.TimersInc)
    UsageFault_Handler                       0x08001961   Thumb Code     2  stm32f1xx_it.o(i.UsageFault_Handler)
    __scatterload_copy                       0x08001963   Thumb Code    14  handlers.o(i.__scatterload_copy)
    __scatterload_null                       0x08001971   Thumb Code     2  handlers.o(i.__scatterload_null)
    __scatterload_zeroinit                   0x08001973   Thumb Code    14  handlers.o(i.__scatterload_zeroinit)
    ds_read_bit                              0x08001981   Thumb Code    50  ds18b20.o(i.ds_read_bit)
    ds_read_byte                             0x080019bd   Thumb Code    38  ds18b20.o(i.ds_read_byte)
    ds_reset_pulse                           0x080019e5   Thumb Code    80  ds18b20.o(i.ds_reset_pulse)
    ds_write_bit                             0x08001a3d   Thumb Code    44  ds18b20.o(i.ds_write_bit)
    ds_write_byte                            0x08001a71   Thumb Code    34  ds18b20.o(i.ds_write_byte)
    dynamicIndicationTickHandler             0x08001a95   Thumb Code    84  dynamicindication.o(i.dynamicIndicationTickHandler)
    main                                     0x08001aed   Thumb Code   156  main.o(i.main)
    readTemperature                          0x08001b95   Thumb Code     6  ds18b20.o(i.readTemperature)
    setDigit                                 0x08001ba1   Thumb Code    96  dynamicindication.o(i.setDigit)
    showValue                                0x08001c09   Thumb Code     6  dynamicindication.o(i.showValue)
    AHBPrescTable                            0x08001c14   Data          16  system_stm32f1xx.o(.constdata)
    Region$$Table$$Base                      0x08001c24   Number         0  anon$$obj.o(Region$$Table)
    Region$$Table$$Limit                     0x08001c44   Number         0  anon$$obj.o(Region$$Table)
    SystemCoreClock                          0x20000000   Data           4  system_stm32f1xx.o(.data)
    temperature                              0x20000008   Data           4  main.o(.data)
    PID_Output                               0x2000000c   Data           4  main.o(.data)
    waitflg                                  0x20000024   Data           1  main.o(.data)
    value                                    0x2000002a   Data           2  dynamicindication.o(.data)
    digitsArray                              0x20000030   Data           8  dynamicindication.o(.data)
    numAraay                                 0x20000038   Data          20  dynamicindication.o(.data)
    digitsGPIO_Array                         0x2000004c   Data          16  dynamicindication.o(.data)
    DS18B20_timer                            0x2000005d   Data           1  ds18b20.o(.data)
    ds_buff                                  0x2000005e   Data           2  ds18b20.o(.data)
    celsius                                  0x20000060   Data           4  ds18b20.o(.data)
    POWERstate                               0x20000082   Data           1  discretecontrol.o(.data)
    POWER_timer                              0x20000084   Data           1  discretecontrol.o(.data)
    _10SEC_timer                             0x20000085   Data           1  discretecontrol.o(.data)
    uwTick                                   0x20000088   Data           4  stm32f1xx_hal.o(.data)
    htim3                                    0x200000a8   Data          64  main.o(.bss)
    __initial_sp                             0x20000550   Data           0  startup_stm32f103xb.o(STACK)



==============================================================================

Memory Map of the image

  Image Entry point : 0x080000ed

  Load Region LR_IROM1 (Base: 0x08000000, Size: 0x00001cd0, Max: 0x00010000, ABSOLUTE)

    Execution Region ER_IROM1 (Exec base: 0x08000000, Load base: 0x08000000, Size: 0x00001c44, Max: 0x00010000, ABSOLUTE)

    Exec Addr    Load Addr    Size         Type   Attr      Idx    E Section Name        Object

    0x08000000   0x08000000   0x000000ec   Data   RO         2536    RESET               startup_stm32f103xb.o
    0x080000ec   0x080000ec   0x00000000   Code   RO         2541  * .ARM.Collect$$$$00000000  mc_w.l(entry.o)
    0x080000ec   0x080000ec   0x00000004   Code   RO         2566    .ARM.Collect$$$$00000001  mc_w.l(entry2.o)
    0x080000f0   0x080000f0   0x00000004   Code   RO         2569    .ARM.Collect$$$$00000004  mc_w.l(entry5.o)
    0x080000f4   0x080000f4   0x00000000   Code   RO         2571    .ARM.Collect$$$$00000008  mc_w.l(entry7b.o)
    0x080000f4   0x080000f4   0x00000000   Code   RO         2573    .ARM.Collect$$$$0000000A  mc_w.l(entry8b.o)
    0x080000f4   0x080000f4   0x00000008   Code   RO         2574    .ARM.Collect$$$$0000000B  mc_w.l(entry9a.o)
    0x080000fc   0x080000fc   0x00000000   Code   RO         2576    .ARM.Collect$$$$0000000D  mc_w.l(entry10a.o)
    0x080000fc   0x080000fc   0x00000000   Code   RO         2578    .ARM.Collect$$$$0000000F  mc_w.l(entry11a.o)
    0x080000fc   0x080000fc   0x00000004   Code   RO         2567    .ARM.Collect$$$$00002712  mc_w.l(entry2.o)
    0x08000100   0x08000100   0x00000024   Code   RO         2537    .text               startup_stm32f103xb.o
    0x08000124   0x08000124   0x00000020   Code   RO         2544    .text               mc_w.l(llushr.o)
    0x08000144   0x08000144   0x00000064   Code   RO         2546    .text               mf_w.l(fmul.o)
    0x080001a8   0x080001a8   0x00000018   Code   RO         2548    .text               mf_w.l(fscalb.o)
    0x080001c0   0x080001c0   0x000000e4   Code   RO         2550    .text               mf_w.l(dmul.o)
    0x080002a4   0x080002a4   0x000000de   Code   RO         2552    .text               mf_w.l(ddiv.o)
    0x08000382   0x08000382   0x00000012   Code   RO         2554    .text               mf_w.l(fflti.o)
    0x08000394   0x08000394   0x00000022   Code   RO         2556    .text               mf_w.l(dflti.o)
    0x080003b6   0x080003b6   0x0000001a   Code   RO         2558    .text               mf_w.l(dfltui.o)
    0x080003d0   0x080003d0   0x00000032   Code   RO         2560    .text               mf_w.l(ffixi.o)
    0x08000402   0x08000402   0x00000028   Code   RO         2562    .text               mf_w.l(ffixui.o)
    0x0800042a   0x0800042a   0x00000038   Code   RO         2564    .text               mf_w.l(d2f.o)
    0x08000462   0x08000462   0x00000000   Code   RO         2580    .text               mc_w.l(iusefp.o)
    0x08000462   0x08000462   0x0000006e   Code   RO         2581    .text               mf_w.l(fepilogue.o)
    0x080004d0   0x080004d0   0x000000ba   Code   RO         2583    .text               mf_w.l(depilogue.o)
    0x0800058a   0x0800058a   0x00000002   PAD
    0x0800058c   0x0800058c   0x00000024   Code   RO         2585    .text               mc_w.l(init.o)
    0x080005b0   0x080005b0   0x0000001e   Code   RO         2587    .text               mc_w.l(llshl.o)
    0x080005ce   0x080005ce   0x00000002   Code   RO          119    i.BusFault_Handler  stm32f1xx_it.o
    0x080005d0   0x080005d0   0x000000b0   Code   RO          350    i.DS18B20_App       ds18b20.o
    0x08000680   0x08000680   0x00000002   Code   RO          120    i.DebugMon_Handler  stm32f1xx_it.o
    0x08000682   0x08000682   0x00000002   PAD
    0x08000684   0x08000684   0x000001bc   Code   RO         1296    i.HAL_GPIO_Init     stm32f1xx_hal_gpio.o
    0x08000840   0x08000840   0x0000000a   Code   RO         1300    i.HAL_GPIO_WritePin  stm32f1xx_hal_gpio.o
    0x0800084a   0x0800084a   0x00000002   PAD
    0x0800084c   0x0800084c   0x0000000c   Code   RO         1163    i.HAL_GetTick       stm32f1xx_hal.o
    0x08000858   0x08000858   0x00000010   Code   RO         1165    i.HAL_IncTick       stm32f1xx_hal.o
    0x08000868   0x08000868   0x00000024   Code   RO         1166    i.HAL_Init          stm32f1xx_hal.o
    0x0800088c   0x0800088c   0x00000028   Code   RO         1167    i.HAL_InitTick      stm32f1xx_hal.o
    0x080008b4   0x080008b4   0x00000084   Code   RO          203    i.HAL_MspInit       stm32f1xx_hal_msp.o
    0x08000938   0x08000938   0x00000040   Code   RO         2356    i.HAL_NVIC_SetPriority  stm32f1xx_hal_cortex.o
    0x08000978   0x08000978   0x00000024   Code   RO         2357    i.HAL_NVIC_SetPriorityGrouping  stm32f1xx_hal_cortex.o
    0x0800099c   0x0800099c   0x00000154   Code   RO          768    i.HAL_RCC_ClockConfig  stm32f1xx_hal_rcc.o
    0x08000af0   0x08000af0   0x0000000c   Code   RO          773    i.HAL_RCC_GetHCLKFreq  stm32f1xx_hal_rcc.o
    0x08000afc   0x08000afc   0x0000006c   Code   RO          777    i.HAL_RCC_GetSysClockFreq  stm32f1xx_hal_rcc.o
    0x08000b68   0x08000b68   0x00000304   Code   RO          780    i.HAL_RCC_OscConfig  stm32f1xx_hal_rcc.o
    0x08000e6c   0x08000e6c   0x00000018   Code   RO         2359    i.HAL_SYSTICK_CLKSourceConfig  stm32f1xx_hal_cortex.o
    0x08000e84   0x08000e84   0x00000002   Code   RO         2360    i.HAL_SYSTICK_Callback  stm32f1xx_hal_cortex.o
    0x08000e86   0x08000e86   0x00000028   Code   RO         2361    i.HAL_SYSTICK_Config  stm32f1xx_hal_cortex.o
    0x08000eae   0x08000eae   0x00000008   Code   RO         2362    i.HAL_SYSTICK_IRQHandler  stm32f1xx_hal_cortex.o
    0x08000eb6   0x08000eb6   0x00000050   Code   RO         1376    i.HAL_TIMEx_MasterConfigSynchronization  stm32f1xx_hal_tim_ex.o
    0x08000f06   0x08000f06   0x00000036   Code   RO         1719    i.HAL_TIM_Base_Init  stm32f1xx_hal_tim.o
    0x08000f3c   0x08000f3c   0x00000028   Code   RO          205    i.HAL_TIM_Base_MspInit  stm32f1xx_hal_msp.o
    0x08000f64   0x08000f64   0x0000001a   Code   RO         1722    i.HAL_TIM_Base_Start  stm32f1xx_hal_tim.o
    0x08000f7e   0x08000f7e   0x000000f2   Code   RO         1728    i.HAL_TIM_ConfigClockSource  stm32f1xx_hal_tim.o
    0x08001070   0x08001070   0x00000002   Code   RO          121    i.HardFault_Handler  stm32f1xx_it.o
    0x08001072   0x08001072   0x00000002   PAD
    0x08001074   0x08001074   0x0000009c   Code   RO          239    i.MX_GPIO_Init      main.o
    0x08001110   0x08001110   0x00000058   Code   RO          240    i.MX_TIM3_Init      main.o
    0x08001168   0x08001168   0x00000002   Code   RO          122    i.MemManage_Handler  stm32f1xx_it.o
    0x0800116a   0x0800116a   0x00000002   Code   RO          123    i.NMI_Handler       stm32f1xx_it.o
    0x0800116c   0x0800116c   0x00000020   Code   RO         2363    i.NVIC_SetPriority  stm32f1xx_hal_cortex.o
    0x0800118c   0x0800118c   0x00000304   Code   RO          696    i.PID               pid.o
    0x08001490   0x08001490   0x0000001e   Code   RO          697    i.PID_Init          pid.o
    0x080014ae   0x080014ae   0x00000002   PAD
    0x080014b0   0x080014b0   0x00000068   Code   RO          729    i.POWER_App         discretecontrol.o
    0x08001518   0x08001518   0x00000010   Code   RO          730    i.POWER_Off         discretecontrol.o
    0x08001528   0x08001528   0x00000010   Code   RO          731    i.POWER_On          discretecontrol.o
    0x08001538   0x08001538   0x00000002   Code   RO          124    i.PendSV_Handler    stm32f1xx_it.o
    0x0800153a   0x0800153a   0x00000002   PAD
    0x0800153c   0x0800153c   0x00000028   Code   RO          416    i.ResetTimer16      time.o
    0x08001564   0x08001564   0x00000002   Code   RO          125    i.SVC_Handler       stm32f1xx_it.o
    0x08001566   0x08001566   0x00000002   PAD
    0x08001568   0x08001568   0x0000004c   Code   RO          421    i.SoftTimersCallback  time.o
    0x080015b4   0x080015b4   0x00000030   Code   RO          422    i.StartTimer16      time.o
    0x080015e4   0x080015e4   0x0000002c   Code   RO          424    i.StartTimer8       time.o
    0x08001610   0x08001610   0x00000038   Code   RO          126    i.SysTick_Handler   stm32f1xx_it.o
    0x08001648   0x08001648   0x0000005a   Code   RO          241    i.SystemClock_Config  main.o
    0x080016a2   0x080016a2   0x00000002   PAD
    0x080016a4   0x080016a4   0x00000048   Code   RO            5    i.SystemInit        system_stm32f1xx.o
    0x080016ec   0x080016ec   0x0000006c   Code   RO         1803    i.TIM_Base_SetConfig  stm32f1xx_hal_tim.o
    0x08001758   0x08001758   0x00000014   Code   RO         1810    i.TIM_ETR_SetConfig  stm32f1xx_hal_tim.o
    0x0800176c   0x0800176c   0x00000010   Code   RO         1811    i.TIM_ITRx_SetConfig  stm32f1xx_hal_tim.o
    0x0800177c   0x0800177c   0x00000022   Code   RO         1817    i.TIM_TI1_ConfigInputStage  stm32f1xx_hal_tim.o
    0x0800179e   0x0800179e   0x00000024   Code   RO         1819    i.TIM_TI2_ConfigInputStage  stm32f1xx_hal_tim.o
    0x080017c2   0x080017c2   0x00000002   PAD
    0x080017c4   0x080017c4   0x00000038   Code   RO          430    i.TimeInit          time.o
    0x080017fc   0x080017fc   0x00000010   Code   RO          431    i.Timer16Alloc      time.o
    0x0800180c   0x0800180c   0x0000002c   Code   RO          433    i.Timer16Stopp      time.o
    0x08001838   0x08001838   0x00000010   Code   RO          439    i.Timer8Alloc       time.o
    0x08001848   0x08001848   0x0000002c   Code   RO          441    i.Timer8Stopp       time.o
    0x08001874   0x08001874   0x000000ec   Code   RO          448    i.TimersInc         time.o
    0x08001960   0x08001960   0x00000002   Code   RO          127    i.UsageFault_Handler  stm32f1xx_it.o
    0x08001962   0x08001962   0x0000000e   Code   RO         2591    i.__scatterload_copy  mc_w.l(handlers.o)
    0x08001970   0x08001970   0x00000002   Code   RO         2592    i.__scatterload_null  mc_w.l(handlers.o)
    0x08001972   0x08001972   0x0000000e   Code   RO         2593    i.__scatterload_zeroinit  mc_w.l(handlers.o)
    0x08001980   0x08001980   0x0000003c   Code   RO          351    i.ds_read_bit       ds18b20.o
    0x080019bc   0x080019bc   0x00000026   Code   RO          352    i.ds_read_byte      ds18b20.o
    0x080019e2   0x080019e2   0x00000002   PAD
    0x080019e4   0x080019e4   0x00000058   Code   RO          353    i.ds_reset_pulse    ds18b20.o
    0x08001a3c   0x08001a3c   0x00000034   Code   RO          354    i.ds_write_bit      ds18b20.o
    0x08001a70   0x08001a70   0x00000022   Code   RO          355    i.ds_write_byte     ds18b20.o
    0x08001a92   0x08001a92   0x00000002   PAD
    0x08001a94   0x08001a94   0x00000058   Code   RO          306    i.dynamicIndicationTickHandler  dynamicindication.o
    0x08001aec   0x08001aec   0x000000a8   Code   RO          243    i.main              main.o
    0x08001b94   0x08001b94   0x0000000c   Code   RO          356    i.readTemperature   ds18b20.o
    0x08001ba0   0x08001ba0   0x00000068   Code   RO          307    i.setDigit          dynamicindication.o
    0x08001c08   0x08001c08   0x0000000c   Code   RO          308    i.showValue         dynamicindication.o
    0x08001c14   0x08001c14   0x00000010   Data   RO            6    .constdata          system_stm32f1xx.o
    0x08001c24   0x08001c24   0x00000020   Data   RO         2589    Region$$Table       anon$$obj.o


    Execution Region RW_IRAM1 (Exec base: 0x20000000, Load base: 0x08001c44, Size: 0x00000550, Max: 0x00005000, ABSOLUTE)

    Exec Addr    Load Addr    Size         Type   Attr      Idx    E Section Name        Object

    0x20000000   0x08001c44   0x00000004   Data   RW            8    .data               system_stm32f1xx.o
    0x20000004   0x08001c48   0x00000002   Data   RW          128    .data               stm32f1xx_it.o
    0x20000006   0x08001c4a   0x00000002   PAD
    0x20000008   0x08001c4c   0x0000001c   Data   RW          245    .data               main.o
    0x20000024   0x08001c68   0x00000001   Data   RW          246    .data               main.o
    0x20000025   0x08001c69   0x00000003   PAD
    0x20000028   0x08001c6c   0x00000034   Data   RW          309    .data               dynamicindication.o
    0x2000005c   0x08001ca0   0x00000008   Data   RW          357    .data               ds18b20.o
    0x20000064   0x08001ca8   0x0000001e   Data   RW          450    .data               time.o
    0x20000082   0x08001cc6   0x00000004   Data   RW          732    .data               discretecontrol.o
    0x20000086   0x08001cca   0x00000002   PAD
    0x20000088   0x08001ccc   0x00000004   Data   RW         1172    .data               stm32f1xx_hal.o
    0x2000008c        -       0x0000005c   Zero   RW          244    .bss                main.o
    0x200000e8        -       0x00000068   Zero   RW          449    .bss                time.o
    0x20000150        -       0x00000400   Zero   RW         2534    STACK               startup_stm32f103xb.o


==============================================================================

Image component sizes


      Code (inc. data)   RO Data    RW Data    ZI Data      Debug   Object Name

       136         16          0          4          0       2039   discretecontrol.o
       460         44          0          8          0       4767   ds18b20.o
       204         18          0         52          0       2432   dynamicindication.o
       502         36          0         29         92       4180   main.o
       802         28          0          0          0       2793   pid.o
        36          8        236          0       1024        772   startup_stm32f103xb.o
       104         22          0          4          0       3107   stm32f1xx_hal.o
       206         14          0          0          0      26780   stm32f1xx_hal_cortex.o
       454         36          0          0          0       2884   stm32f1xx_hal_gpio.o
       172         20          0          0          0       1421   stm32f1xx_hal_msp.o
      1232         80          0          0          0       4518   stm32f1xx_hal_rcc.o
       536         14          0          0          0       6454   stm32f1xx_hal_tim.o
        80          0          0          0          0       1280   stm32f1xx_hal_tim_ex.o
        72         10          0          2          0       3910   stm32f1xx_it.o
        72         16         16          4          0     422739   system_stm32f1xx.o
       620         76          0         30        104       6308   time.o

    ----------------------------------------------------------------------
      5708        438        284        140       1220     496384   Object Totals
         0          0         32          0          0          0   (incl. Generated)
        20          0          0          7          0          0   (incl. Padding)

    ----------------------------------------------------------------------

      Code (inc. data)   RO Data    RW Data    ZI Data      Debug   Library Member Name

         0          0          0          0          0          0   entry.o
         0          0          0          0          0          0   entry10a.o
         0          0          0          0          0          0   entry11a.o
         8          4          0          0          0          0   entry2.o
         4          0          0          0          0          0   entry5.o
         0          0          0          0          0          0   entry7b.o
         0          0          0          0          0          0   entry8b.o
         8          4          0          0          0          0   entry9a.o
        30          0          0          0          0          0   handlers.o
        36          8          0          0          0         68   init.o
         0          0          0          0          0          0   iusefp.o
        30          0          0          0          0         68   llshl.o
        32          0          0          0          0         68   llushr.o
        56          0          0          0          0         88   d2f.o
       222          0          0          0          0        100   ddiv.o
       186          0          0          0          0        176   depilogue.o
        34          0          0          0          0         76   dflti.o
        26          0          0          0          0         76   dfltui.o
       228          0          0          0          0         96   dmul.o
       110          0          0          0          0        168   fepilogue.o
        50          0          0          0          0         68   ffixi.o
        40          0          0          0          0         68   ffixui.o
        18          0          0          0          0         68   fflti.o
       100          0          0          0          0         76   fmul.o
        24          0          0          0          0         68   fscalb.o

    ----------------------------------------------------------------------
      1244         16          0          0          0       1332   Library Totals
         2          0          0          0          0          0   (incl. Padding)

    ----------------------------------------------------------------------

      Code (inc. data)   RO Data    RW Data    ZI Data      Debug   Library Name

       148         16          0          0          0        204   mc_w.l
      1094          0          0          0          0       1128   mf_w.l

    ----------------------------------------------------------------------
      1244         16          0          0          0       1332   Library Totals

    ----------------------------------------------------------------------

==============================================================================


      Code (inc. data)   RO Data    RW Data    ZI Data      Debug   

      6952        454        284        140       1220     493916   Grand Totals
      6952        454        284        140       1220     493916   ELF Image Totals
      6952        454        284        140          0          0   ROM Totals

==============================================================================

    Total RO  Size (Code + RO Data)                 7236 (   7.07kB)
    Total RW  Size (RW Data + ZI Data)              1360 (   1.33kB)
    Total ROM Size (Code + RO Data + RW Data)       7376 (   7.20kB)

==============================================================================

